HOI3 native effect live probe
player=CHC
day=705561
mode=global_dispatch_stage1
thread_claim=runtime_player_publisher
AVAILABLE operation=global.set_flag value=true
AVAILABLE operation=global.clear_flag value=true
AVAILABLE operation=event.fire value=true
AVAILABLE operation=event.execute value=true
AVAILABLE operation=event.enqueue value=true
AVAILABLE operation=event.cancel value=true
AVAILABLE operation=decision.execute value=true
AVAILABLE operation=decision.enqueue value=true
AVAILABLE operation=decision.cancel value=true
AVAILABLE operation=queue.cancel value=true
EXEC operation=global.clear_flag success=true code=ok transaction=31 message=
EXEC operation=global.clear_flag success=true code=ok transaction=32 message=
EXEC operation=global.clear_flag success=true code=ok transaction=33 message=
EXEC operation=global.clear_flag success=true code=ok transaction=34 message=
EXEC operation=global.clear_flag success=true code=ok transaction=35 message=
EXEC operation=global.clear_flag success=true code=ok transaction=36 message=
EXEC operation=global.clear_flag success=true code=ok transaction=37 message=
EXEC operation=global.clear_flag success=true code=ok transaction=38 message=
EXEC operation=global.set_flag success=true code=ok transaction=39 message=
FLAG name=new_core_native_global_probe value=true expected=true read_error= passed=true
EXEC operation=global.clear_flag success=true code=ok transaction=40 message=
FLAG name=new_core_native_global_probe value=false expected=false read_error= passed=true
EXEC operation=global.set_flag success=true code=ok transaction=41 message=
EXEC operation=decision.execute success=true code=ok transaction=42 message=
FLAG name=new_core_native_decision_direct_result value=true expected=true read_error= passed=true
EXEC operation=global.clear_flag success=true code=ok transaction=43 message=
EXEC operation=event.enqueue success=true code=ok transaction=44 message=
EXEC operation=event.cancel success=true code=ok transaction=45 message=
EXEC operation=decision.enqueue success=true code=ok transaction=46 message=
EXEC operation=decision.cancel success=true code=ok transaction=47 message=
EXEC operation=event.enqueue success=true code=ok transaction=48 message=
EXEC operation=queue.cancel success=true code=ok transaction=49 message=
EXEC operation=global.set_flag success=true code=ok transaction=50 message=
EXEC operation=decision.enqueue success=true code=ok transaction=51 message=
PENDING decision_transaction=51
EXEC operation=event.fire success=true code=ok transaction=52 message=
NEXT click the probe event option and run one day
RESULT stage=1 passed=true
