[20:13:8.691][thread=32496] New Core hook worker started
[20:13:8.691][thread=32496] Reverse probe engine.registry.structure: passed, engine_registry_structure_valid
[20:13:8.691][thread=32496] Reverse probe engine.registry.validated_symbols: passed, engine_symbols_validated=18
[20:13:8.694][thread=32496] Reverse probe engine.registry.candidate_symbols: passed, engine_candidate_symbols_validated=2
[20:13:8.698][thread=32496] Native access services initialized
[20:13:8.698][thread=32496] HOI3 native queries registered: queries=18
[20:13:8.698][thread=32496] HOI3 gameplay native effects registered
[20:13:8.698][thread=32496] Lua GUI channel ownership reset
[20:13:8.698][thread=32496] New Core module runtime initialized
[20:13:8.698][thread=32496] Native SaveLoaded hook installed at save_load.file_deserialize_call_site
[20:13:8.698][thread=32496] HOI3 engine frame callsite probes installed
[20:13:8.698][thread=32496] HOI3 Direct3DCreate9 import hooked
[20:13:8.698][thread=32496] Lua lifecycle initialized from publisher activity: state=frontend
[20:13:8.721][thread=32496] Leader Capture hooks installed
[20:13:8.721][thread=32496] All registered New Core hooks installed
[20:13:9.805][thread=38536] HOI3 IDirect3D9::CreateDevice hooked
[20:13:9.887][thread=38536] HOI3 actual D3D9 device hooked
[20:13:9.887][thread=38536] HOI3 D3D9 swap-chain Present hooked
[20:13:10.13][thread=38536] Lua chunk loaded: script/autoexec.lua [Scripted GUI bootstrap found]
[20:13:10.13][thread=38536] D3D9 hook heartbeat: EndScene=0 (+0), Present=0 (+0), SwapChainPresent=0 (+0), EngineCallsites=[0=0 (+0), 1=0 (+0), 2=0 (+0), 3=0 (+0)], ActiveVTableOwned=yes
[20:13:10.14][thread=38536] Native SaveLoaded barrier: state=closed, writes=closed, reason=frontend, generation=2
[20:13:10.14][thread=38536] New Core lifecycle changed: player=---, state=frontend, generation=4
[20:13:10.14][thread=38536] Lua GUI channel ownership reset
[20:13:10.18][thread=38536] Lua GUI channel ownership reset
[20:13:10.21][thread=38536] Lua 5.1 state attached to ScriptedGuiNative
[20:13:10.335][thread=38536] HOI3 actual D3D9 device hooked
[20:13:10.336][thread=38536] HOI3 D3D9 presentation device selected
[20:13:10.336][thread=38536] HOI3 window procedure hooked
[20:13:12.57][thread=38536] GUI configuration issue: plugin=<global>, stage=interface_parse, error=D:\80th_special_version\Shower-of-Flowers-Brambles\interface\arrows.gfx: line 11: expected '=' inside block
[20:13:12.57][thread=38536] GUI configuration issue: plugin=<global>, stage=interface_parse, error=D:\80th_special_version\Shower-of-Flowers-Brambles\interface\chatfonts.gfx: line 9: expected '=' inside block
[20:13:12.57][thread=38536] GUI configuration issue: plugin=<global>, stage=interface_parse, error=D:\80th_special_version\Shower-of-Flowers-Brambles\interface\combat.gui: widget 'combat_terrain' has unsupported scaleMode '0.5'; using stretch
[20:13:12.57][thread=38536] GUI configuration issue: plugin=<global>, stage=interface_parse, error=D:\80th_special_version\Shower-of-Flowers-Brambles\interface\core.gfx: line 734: expected '=' inside block
[20:13:12.57][thread=38536] GUI configuration issue: plugin=<global>, stage=interface_parse, error=D:\80th_special_version\Shower-of-Flowers-Brambles\interface\country_espionage.gui: widget 'photo' has unsupported scaleMode '0.75'; using stretch
[20:13:12.57][thread=38536] GUI configuration issue: plugin=<global>, stage=interface_parse, error=D:\80th_special_version\Shower-of-Flowers-Brambles\interface\country_politics.gui: widget 'political_popularity_chart' has unsupported scaleMode '0.5'; using stretch
[20:13:12.57][thread=38536] GUI configuration issue: plugin=<global>, stage=interface_parse, error=D:\80th_special_version\Shower-of-Flowers-Brambles\interface\country_politics.gui: widget 'country_icon' has unsupported scaleMode '0.5'; using stretch
[20:13:12.59][thread=38536] GUI configuration issue: plugin=<global>, stage=interface_parse, error=D:\80th_special_version\Shower-of-Flowers-Brambles\interface\country_technology.gui: widget 'photo' has unsupported scaleMode '0.46'; using stretch
[20:13:12.59][thread=38536] GUI configuration issue: plugin=<global>, stage=interface_parse, error=D:\80th_special_version\Shower-of-Flowers-Brambles\interface\country_technology.gui: widget 'photo' has unsupported scaleMode '0.46'; using stretch
[20:13:12.59][thread=38536] GUI configuration issue: plugin=<global>, stage=interface_parse, error=D:\80th_special_version\Shower-of-Flowers-Brambles\interface\eu3dialog.gfx: line 180: expected property name inside block
[20:13:12.61][thread=38536] GUI configuration issue: plugin=<global>, stage=interface_parse, error=D:\80th_special_version\Shower-of-Flowers-Brambles\interface\oobbrowser.gui: widget 'leader_photo' has unsupported scaleMode '0.7'; using stretch
[20:13:12.61][thread=38536] GUI configuration issue: plugin=<global>, stage=interface_parse, error=D:\80th_special_version\Shower-of-Flowers-Brambles\interface\oobbrowser.gui: widget 'leader_photo' has unsupported scaleMode '0.7'; using stretch
[20:13:12.61][thread=38536] GUI configuration issue: plugin=<global>, stage=interface_parse, error=D:\80th_special_version\Shower-of-Flowers-Brambles\interface\oobbrowser.gui: widget 'leader_photo' has unsupported scaleMode '0.7'; using stretch
[20:13:12.61][thread=38536] GUI configuration issue: plugin=<global>, stage=interface_parse, error=D:\80th_special_version\Shower-of-Flowers-Brambles\interface\unitpanel.gui: widget 'leader_types' has unsupported scaleMode '0.5'; using stretch
[20:13:12.61][thread=38536] GUI configuration issue: plugin=<global>, stage=interface_parse, error=D:\80th_special_version\Shower-of-Flowers-Brambles\interface\unitpanel.gui: widget 'leader_photo' has unsupported scaleMode '1.0'; using stretch
[20:13:12.61][thread=38536] GUI configuration issue: plugin=<global>, stage=interface_parse, error=D:\80th_special_version\Shower-of-Flowers-Brambles\interface\unitpanel.gui: widget 'selected_photo' has unsupported scaleMode '1.7'; using stretch
[20:13:12.61][thread=38536] GUI configuration issue: plugin=<global>, stage=interface_parse, error=D:\80th_special_version\Shower-of-Flowers-Brambles\interface\unitpanel.gui: widget 'photo' has unsupported scaleMode '0.7'; using stretch
[20:13:12.61][thread=38536] GUI configuration issue: plugin=<global>, stage=interface_parse, error=D:\80th_special_version\Shower-of-Flowers-Brambles\interface\unitpanel.gui: widget 'photo' has unsupported scaleMode '0.7'; using stretch
[20:13:12.62][thread=38536] GUI configuration issue: plugin=<global>, stage=interface_parse, error=D:\80th_special_version\Shower-of-Flowers-Brambles\interface\unitpanel.gui: widget 'photo' has unsupported scaleMode '0.7'; using stretch
[20:13:13.174][thread=38536] D3D9 Scripted GUI module initialized
[20:13:13.174][thread=38536] GUI session visibility: id=china_anti_jap, open=true, visible=false, state.visible=false, state.active=false, viewer=, persistence=unavailable, persistence_key=, persistence_error=, session=, memory_revision=, stored_revision=, pending_revision=, pending_ticks=, observed_day=, lifecycle=frontend, lifecycle_generation=5, lifecycle_player=---
[20:13:13.175][thread=38536] GUI session visibility: id=parliament, open=false, visible=false, state.visible=true, state.active=true, viewer=, persistence=unavailable, persistence_key=, persistence_error=, session=, memory_revision=, stored_revision=, pending_revision=, pending_ticks=, observed_day=, lifecycle=frontend, lifecycle_generation=5, lifecycle_player=---
[20:13:45.766][thread=38536] Native SaveLoaded hook hit start: native_save_load:1
[20:13:45.767][thread=38536] Native SaveLoaded barrier: state=closed, writes=closed, reason=explicit_load_started, generation=3
[20:13:45.767][thread=38536] Lua GUI channel ownership reset
[20:13:45.767][thread=38536] Lua GUI channel ownership reset
[20:13:46.928][thread=38536] Native SaveLoaded hook hit complete: native_save_load:1
[20:13:46.930][thread=38536] Native SaveLoaded barrier: state=closed, writes=closed, reason=explicit_load_completed, generation=4
[20:13:46.930][thread=38536] Lua GUI channel ownership reset
[20:13:46.930][thread=38536] Lua GUI channel ownership reset
[20:13:47.861][thread=38536] HOI3 active D3D9 device vtable hooks refreshed
[20:13:47.861][thread=38536] D3D9 hook heartbeat: EndScene=2 (+2), Present=1 (+1), SwapChainPresent=0 (+0), EngineCallsites=[0=1 (+1), 1=0 (+0), 2=0 (+0), 3=0 (+0)], ActiveVTableOwned=yes
[20:13:47.861][thread=38536] Native SaveLoaded barrier: state=stabilizing, writes=closed, reason=explicit_load_completed, generation=5
[20:13:47.862][thread=38536] New Core lifecycle changed: player=CHI, state=gameplay, generation=8
[20:13:47.862][thread=38536] Lua GUI channel ownership reset
[20:13:47.862][thread=38536] Lua GUI channel ownership reset
[20:13:47.891][thread=38536] HOI3 queried D3D9 device interface hooked
[20:13:47.891][thread=38536] HOI3 queried D3D9 device interface hooked
[20:13:49.718][thread=38536] Native SaveLoaded barrier: state=open, writes=open, reason=stable_gameplay, generation=6
[20:13:49.718][thread=38536] Lua GUI channel ownership reset
[20:13:50.901][thread=38536] HOI3 active D3D9 device vtable hooks refreshed
[20:13:50.993][thread=31124] Lua chunk loaded: script/autoexec.lua [Scripted GUI bootstrap found]
[20:13:50.994][thread=31124] Lua 5.1 state attached to ScriptedGuiNative
[20:13:51.24][thread=37540] Lua chunk loaded: script/autoexec.lua [Scripted GUI bootstrap found]
[20:13:51.25][thread=37540] Lua 5.1 state attached to ScriptedGuiNative
[20:13:51.52][thread=36564] Lua chunk loaded: script/autoexec.lua [Scripted GUI bootstrap found]
[20:13:51.52][thread=36564] Lua 5.1 state attached to ScriptedGuiNative
[20:13:51.83][thread=42672] Lua chunk loaded: script/autoexec.lua [Scripted GUI bootstrap found]
[20:13:51.84][thread=42672] Lua 5.1 state attached to ScriptedGuiNative
[20:13:51.109][thread=30260] Lua chunk loaded: script/autoexec.lua [Scripted GUI bootstrap found]
[20:13:51.110][thread=30260] Lua 5.1 state attached to ScriptedGuiNative
[20:13:51.136][thread=35616] Lua chunk loaded: script/autoexec.lua [Scripted GUI bootstrap found]
[20:13:51.136][thread=35616] Lua 5.1 state attached to ScriptedGuiNative
[20:13:51.163][thread=40560] Lua chunk loaded: script/autoexec.lua [Scripted GUI bootstrap found]
[20:13:51.163][thread=40560] Lua 5.1 state attached to ScriptedGuiNative
[20:13:51.165][thread=35616] Lua GUI channel publisher reserved: channel=china_anti_jap, state=7, priority=0
[20:13:51.188][thread=35616] First Lua GUI snapshot decode started: channel=china_anti_jap
[20:13:51.190][thread=35616] First Lua GUI snapshot state: channel=china_anti_jap, visible=true, active=true, viewer=CHI, values=553, lists=2
[20:13:51.191][thread=35616] First Lua GUI snapshot received: channel=china_anti_jap, revision=1
[20:13:51.191][thread=37116] Lua chunk loaded: script/autoexec.lua [Scripted GUI bootstrap found]
[20:13:51.191][thread=37116] Lua 5.1 state attached to ScriptedGuiNative
[20:13:51.217][thread=28200] Lua chunk loaded: script/autoexec.lua [Scripted GUI bootstrap found]
[20:13:51.218][thread=28200] Lua 5.1 state attached to ScriptedGuiNative
[20:14:49.421][thread=35616] HOI3 active D3D9 device vtable hooks refreshed
[20:14:49.421][thread=35616] D3D9 hook heartbeat: EndScene=62 (+60), Present=4 (+3), SwapChainPresent=0 (+0), EngineCallsites=[0=1 (+0), 1=0 (+0), 2=0 (+0), 3=0 (+0)], ActiveVTableOwned=yes
[20:14:49.445][thread=40624] Lua chunk loaded: script/autoexec.lua [Scripted GUI bootstrap found]
[20:14:49.446][thread=40624] Lua 5.1 state attached to ScriptedGuiNative
[20:14:49.451][thread=38536] Lua GUI channel publisher reserved: channel=reverse_probe_runtime, state=1, priority=1100
[20:14:49.456][thread=38536] Lua GUI channel publisher preempted: channel=china_anti_jap, previousState=7, previousPriority=0, state=1, priority=0
[20:14:49.480][thread=42104] Lua chunk loaded: script/autoexec.lua [Scripted GUI bootstrap found]
[20:14:49.480][thread=42104] Lua 5.1 state attached to ScriptedGuiNative
[20:14:49.508][thread=19372] Lua chunk loaded: script/autoexec.lua [Scripted GUI bootstrap found]
[20:14:49.508][thread=19372] Lua 5.1 state attached to ScriptedGuiNative
[20:14:49.541][thread=41584] Lua chunk loaded: script/autoexec.lua [Scripted GUI bootstrap found]
[20:14:49.542][thread=41584] Lua 5.1 state attached to ScriptedGuiNative
[20:14:49.569][thread=9188] Lua chunk loaded: script/autoexec.lua [Scripted GUI bootstrap found]
[20:14:49.569][thread=9188] Lua 5.1 state attached to ScriptedGuiNative
[20:14:49.598][thread=42724] Lua chunk loaded: script/autoexec.lua [Scripted GUI bootstrap found]
[20:14:49.598][thread=42724] Lua 5.1 state attached to ScriptedGuiNative
[20:14:49.624][thread=41648] Lua chunk loaded: script/autoexec.lua [Scripted GUI bootstrap found]
[20:14:49.624][thread=41648] Lua 5.1 state attached to ScriptedGuiNative
[20:14:49.651][thread=23120] Lua chunk loaded: script/autoexec.lua [Scripted GUI bootstrap found]
[20:14:49.651][thread=23120] Lua 5.1 state attached to ScriptedGuiNative
[20:14:49.716][thread=38536] GUI session visibility: id=china_anti_jap, open=true, visible=true, state.visible=true, state.active=true, viewer=CHI, persistence=available, persistence_key=CHI:432257, persistence_error=, session=CHI:432257, memory_revision=4, stored_revision=4, pending_revision=0, pending_ticks=0, observed_day=705547, lifecycle=gameplay, lifecycle_generation=14, lifecycle_player=CHI
[20:14:49.730][thread=38536] First GUI session draw: id=china_anti_jap, widgets=48, commands=1
[20:14:49.763][thread=36652] Lua chunk loaded: script/autoexec.lua [Scripted GUI bootstrap found]
[20:14:49.763][thread=36652] Lua 5.1 state attached to ScriptedGuiNative
[20:14:49.795][thread=26060] Lua chunk loaded: script/autoexec.lua [Scripted GUI bootstrap found]
[20:14:49.795][thread=26060] Lua 5.1 state attached to ScriptedGuiNative
[20:14:49.820][thread=26024] Lua chunk loaded: script/autoexec.lua [Scripted GUI bootstrap found]
[20:14:49.822][thread=26024] Lua 5.1 state attached to ScriptedGuiNative
[20:14:49.892][thread=34872] Lua chunk loaded: script/autoexec.lua [Scripted GUI bootstrap found]
[20:14:49.892][thread=34872] Lua 5.1 state attached to ScriptedGuiNative
[20:14:49.920][thread=29324] Lua chunk loaded: script/autoexec.lua [Scripted GUI bootstrap found]
[20:14:49.921][thread=29324] Lua 5.1 state attached to ScriptedGuiNative
[20:14:49.947][thread=25680] Lua chunk loaded: script/autoexec.lua [Scripted GUI bootstrap found]
[20:14:49.947][thread=25680] Lua 5.1 state attached to ScriptedGuiNative
[20:14:49.978][thread=40512] Lua chunk loaded: script/autoexec.lua [Scripted GUI bootstrap found]
[20:14:49.978][thread=40512] Lua 5.1 state attached to ScriptedGuiNative
[20:14:50.45][thread=23756] Lua chunk loaded: script/autoexec.lua [Scripted GUI bootstrap found]
[20:14:50.45][thread=23756] Lua 5.1 state attached to ScriptedGuiNative
[20:14:50.80][thread=40028] Lua chunk loaded: script/autoexec.lua [Scripted GUI bootstrap found]
[20:14:50.80][thread=40028] Lua 5.1 state attached to ScriptedGuiNative
[20:14:50.148][thread=31632] Lua chunk loaded: script/autoexec.lua [Scripted GUI bootstrap found]
[20:14:50.149][thread=31632] Lua 5.1 state attached to ScriptedGuiNative
[20:14:50.177][thread=43644] Lua chunk loaded: script/autoexec.lua [Scripted GUI bootstrap found]
[20:14:50.178][thread=43644] Lua 5.1 state attached to ScriptedGuiNative
[20:14:50.337][thread=30260] Lua pcall failed: [string "script/ai_intelligence_minister.lua"]:310: table index is nil
[20:14:50.338][thread=19188] Lua chunk loaded: script/autoexec.lua [Scripted GUI bootstrap found]
[20:14:50.338][thread=19188] Lua 5.1 state attached to ScriptedGuiNative
[20:14:50.366][thread=15228] Lua chunk loaded: script/autoexec.lua [Scripted GUI bootstrap found]
[20:14:50.366][thread=15228] Lua 5.1 state attached to ScriptedGuiNative
[20:14:50.393][thread=24008] Lua chunk loaded: script/autoexec.lua [Scripted GUI bootstrap found]
[20:14:50.393][thread=24008] Lua 5.1 state attached to ScriptedGuiNative
[20:14:50.621][thread=42672] Lua pcall failed: [string "script/ai_intelligence_minister.lua"]:310: table index is nil
[20:14:50.660][thread=19188] Lua pcall failed: [string "script/ai_intelligence_minister.lua"]:310: table index is nil
[20:14:50.696][thread=38536] Lua pcall failed: [string "script/ai_intelligence_minister.lua"]:309: table index is nil
[20:14:50.741][thread=31632] Lua pcall failed: [string "script/ai_intelligence_minister.lua"]:310: table index is nil
[20:14:50.795][thread=38536] Lua pcall failed: [string "script/ai_production_minister.lua"]:1047: attempt to call method 'Isshipborne_attack' (a nil value)
[20:14:50.906][thread=24008] Lua pcall failed: [string "script/ai_intelligence_minister.lua"]:310: table index is nil
[20:14:50.943][thread=23756] Lua pcall failed: [string "script/ai_intelligence_minister.lua"]:310: table index is nil
[20:14:50.945][thread=38536] Lua pcall failed: [string "script/country/JAP.lua"]:467: attempt to index global 'voForeignMinisterData' (a nil value)
[20:14:51.43][thread=26060] Lua pcall failed: [string "script/ai_intelligence_minister.lua"]:309: table index is nil
[20:14:51.43][thread=42672] Lua pcall failed: [string "script/ai_intelligence_minister.lua"]:310: table index is nil
[20:14:51.135][thread=38536] GUI session visibility: id=china_anti_jap, open=true, visible=true, state.visible=true, state.active=true, viewer=CHI, persistence=available, persistence_key=CHI:432257, persistence_error=, session=CHI:432257, memory_revision=4, stored_revision=4, pending_revision=0, pending_ticks=0, observed_day=705548, lifecycle=gameplay, lifecycle_generation=14, lifecycle_player=CHI
[20:14:51.168][thread=40028] Lua pcall failed: [string "script/ai_intelligence_minister.lua"]:310: table index is nil
[20:14:51.168][thread=23120] Lua pcall failed: [string "script/ai_intelligence_minister.lua"]:310: table index is nil
[20:14:51.412][thread=23756] Lua pcall failed: [string "script/ai_intelligence_minister.lua"]:310: table index is nil
[20:14:51.789][thread=26024] Lua pcall failed: [string "script/ai_intelligence_minister.lua"]:309: table index is nil
[20:14:51.833][thread=38536] Lua pcall failed: [string "script/ai_production_minister.lua"]:1047: attempt to call method 'Isshipborne_attack' (a nil value)
[20:14:51.834][thread=38536] Lua pcall failed: [string "script/ai_intelligence_minister.lua"]:309: table index is nil
[20:14:51.904][thread=36564] Lua pcall failed: [string "script/ai_intelligence_minister.lua"]:310: table index is nil
[20:14:51.980][thread=38536] Lua pcall failed: [string "script/country/JAP.lua"]:467: attempt to index global 'voForeignMinisterData' (a nil value)
[20:14:52.19][thread=15228] Lua pcall failed: [string "script/ai_intelligence_minister.lua"]:309: table index is nil
[20:14:52.171][thread=9188] Lua pcall failed: [string "script/ai_intelligence_minister.lua"]:310: table index is nil
[20:14:52.204][thread=38536] GUI session visibility: id=china_anti_jap, open=true, visible=true, state.visible=true, state.active=true, viewer=CHI, persistence=available, persistence_key=CHI:432257, persistence_error=, session=CHI:432257, memory_revision=4, stored_revision=4, pending_revision=0, pending_ticks=0, observed_day=705549, lifecycle=gameplay, lifecycle_generation=14, lifecycle_player=CHI
[20:14:52.237][thread=28200] Lua pcall failed: [string "script/ai_intelligence_minister.lua"]:309: table index is nil
[20:14:52.240][thread=40560] Lua pcall failed: [string "script/ai_intelligence_minister.lua"]:310: table index is nil
[20:14:52.865][thread=34872] Lua pcall failed: [string "script/ai_intelligence_minister.lua"]:309: table index is nil
[20:14:52.902][thread=30260] Lua pcall failed: [string "script/ai_intelligence_minister.lua"]:309: table index is nil
[20:14:52.998][thread=38536] Lua pcall failed: [string "script/ai_production_minister.lua"]:1047: attempt to call method 'Isshipborne_attack' (a nil value)
[20:14:53.1][thread=38536] Lua pcall failed: [string "script/ai_intelligence_minister.lua"]:309: table index is nil
[20:14:53.80][thread=36652] Lua pcall failed: [string "script/ai_intelligence_minister.lua"]:309: table index is nil
[20:14:53.155][thread=36652] Lua pcall failed: [string "script/ai_intelligence_minister.lua"]:310: table index is nil
[20:14:53.156][thread=9188] Lua pcall failed: [string "script/ai_intelligence_minister.lua"]:310: table index is nil
[20:14:53.206][thread=38536] Lua pcall failed: [string "script/country/JAP.lua"]:467: attempt to index global 'voForeignMinisterData' (a nil value)
[20:14:53.247][thread=42724] Lua pcall failed: [string "script/ai_intelligence_minister.lua"]:310: table index is nil
[20:14:53.409][thread=40624] Lua pcall failed: [string "script/ai_intelligence_minister.lua"]:309: table index is nil
[20:14:53.440][thread=38536] GUI session visibility: id=china_anti_jap, open=true, visible=true, state.visible=true, state.active=true, viewer=CHI, persistence=available, persistence_key=CHI:432257, persistence_error=, session=CHI:432257, memory_revision=4, stored_revision=4, pending_revision=0, pending_ticks=0, observed_day=705550, lifecycle=gameplay, lifecycle_generation=14, lifecycle_player=CHI
[20:14:53.474][thread=24008] Lua pcall failed: [string "script/ai_intelligence_minister.lua"]:309: table index is nil
[20:14:53.554][thread=40028] Lua pcall failed: [string "script/ai_intelligence_minister.lua"]:309: table index is nil
[20:14:53.617][thread=15228] Lua pcall failed: [string "script/ai_intelligence_minister.lua"]:309: table index is nil
[20:14:53.679][thread=30260] Lua pcall failed: [string "script/ai_intelligence_minister.lua"]:309: table index is nil
[20:14:53.957][thread=30260] Lua pcall failed: [string "script/ai_intelligence_minister.lua"]:310: table index is nil
[20:14:54.88][thread=41648] Lua pcall failed: [string "script/ai_intelligence_minister.lua"]:309: table index is nil
[20:14:54.124][thread=38536] Lua pcall failed: [string "script/ai_intelligence_minister.lua"]:310: table index is nil
[20:14:54.190][thread=38536] Lua pcall failed: [string "script/ai_production_minister.lua"]:1047: attempt to call method 'Isshipborne_attack' (a nil value)
[20:14:54.379][thread=28200] Lua pcall failed: [string "script/ai_intelligence_minister.lua"]:309: table index is nil
[20:14:54.380][thread=38536] Lua pcall failed: [string "script/country/JAP.lua"]:467: attempt to index global 'voForeignMinisterData' (a nil value)
[20:14:54.408][thread=40560] Lua pcall failed: [string "script/ai_intelligence_minister.lua"]:309: table index is nil
[20:14:54.410][thread=43644] Lua pcall failed: [string "script/ai_intelligence_minister.lua"]:309: table index is nil
[20:14:54.478][thread=31124] Lua pcall failed: [string "script/ai_intelligence_minister.lua"]:310: table index is nil
[20:14:54.576][thread=43644] Lua pcall failed: [string "script/ai_intelligence_minister.lua"]:310: table index is nil
[20:14:54.615][thread=38536] GUI session visibility: id=china_anti_jap, open=true, visible=true, state.visible=true, state.active=true, viewer=CHI, persistence=available, persistence_key=CHI:432257, persistence_error=, session=CHI:432257, memory_revision=4, stored_revision=4, pending_revision=0, pending_ticks=0, observed_day=705551, lifecycle=gameplay, lifecycle_generation=14, lifecycle_player=CHI
[20:14:54.743][thread=42724] Lua pcall failed: [string "script/ai_intelligence_minister.lua"]:310: table index is nil
[20:14:54.775][thread=38536] Lua pcall failed: [string "script/country/GER.lua"]:711: attempt to index global 'voDiploScoreObj' (a nil value)
[20:14:54.864][thread=36652] Lua pcall failed: [string "script/ai_intelligence_minister.lua"]:309: table index is nil
[20:14:54.907][thread=41584] Lua pcall failed: [string "script/ai_intelligence_minister.lua"]:310: table index is nil
[20:14:54.945][thread=28200] Lua pcall failed: [string "script/ai_intelligence_minister.lua"]:309: table index is nil
[20:14:55.43][thread=23756] Lua pcall failed: [string "script/ai_intelligence_minister.lua"]:309: table index is nil
[20:14:55.44][thread=26024] Lua pcall failed: [string "script/ai_intelligence_minister.lua"]:309: table index is nil
[20:14:55.45][thread=40512] Lua pcall failed: [string "script/ai_intelligence_minister.lua"]:309: table index is nil
[20:14:55.255][thread=41648] Lua pcall failed: [string "script/ai_intelligence_minister.lua"]:309: table index is nil
[20:14:55.298][thread=40624] Lua pcall failed: [string "script/ai_intelligence_minister.lua"]:309: table index is nil
[20:14:55.418][thread=35616] Lua pcall failed: [string "script/ai_intelligence_minister.lua"]:309: table index is nil
[20:14:55.451][thread=26024] Lua pcall failed: [string "script/ai_intelligence_minister.lua"]:309: table index is nil
[20:14:55.452][thread=9188] Lua pcall failed: [string "script/ai_intelligence_minister.lua"]:309: table index is nil
[20:14:55.497][thread=38536] Lua pcall failed: [string "script/country/JAP.lua"]:467: attempt to index global 'voForeignMinisterData' (a nil value)
[20:14:55.536][thread=31632] Lua pcall failed: [string "script/ai_intelligence_minister.lua"]:309: table index is nil
[20:14:55.574][thread=37116] Lua pcall failed: [string "script/ai_intelligence_minister.lua"]:310: table index is nil
[20:14:55.575][thread=30260] Lua pcall failed: [string "script/ai_intelligence_minister.lua"]:309: table index is nil
[20:14:55.722][thread=38536] GUI session visibility: id=china_anti_jap, open=true, visible=true, state.visible=true, state.active=true, viewer=CHI, persistence=available, persistence_key=CHI:432257, persistence_error=, session=CHI:432257, memory_revision=4, stored_revision=4, pending_revision=0, pending_ticks=0, observed_day=705552, lifecycle=gameplay, lifecycle_generation=14, lifecycle_player=CHI
[20:14:56.868][thread=38536] GUI session visibility: id=china_anti_jap, open=true, visible=true, state.visible=true, state.active=true, viewer=CHI, persistence=available, persistence_key=CHI:432257, persistence_error=, session=CHI:432257, memory_revision=4, stored_revision=4, pending_revision=0, pending_ticks=0, observed_day=705553, lifecycle=gameplay, lifecycle_generation=14, lifecycle_player=CHI
[20:14:57.840][thread=38536] GUI session visibility: id=china_anti_jap, open=true, visible=true, state.visible=true, state.active=true, viewer=CHI, persistence=available, persistence_key=CHI:432257, persistence_error=, session=CHI:432257, memory_revision=4, stored_revision=4, pending_revision=0, pending_ticks=0, observed_day=705554, lifecycle=gameplay, lifecycle_generation=14, lifecycle_player=CHI
[20:14:58.802][thread=38536] GUI session visibility: id=china_anti_jap, open=true, visible=true, state.visible=true, state.active=true, viewer=CHI, persistence=available, persistence_key=CHI:432257, persistence_error=, session=CHI:432257, memory_revision=4, stored_revision=4, pending_revision=0, pending_ticks=0, observed_day=705555, lifecycle=gameplay, lifecycle_generation=14, lifecycle_player=CHI
[20:14:59.778][thread=38536] GUI session visibility: id=china_anti_jap, open=true, visible=true, state.visible=true, state.active=true, viewer=CHI, persistence=available, persistence_key=CHI:432257, persistence_error=, session=CHI:432257, memory_revision=4, stored_revision=4, pending_revision=0, pending_ticks=0, observed_day=705556, lifecycle=gameplay, lifecycle_generation=14, lifecycle_player=CHI
[20:15:0.865][thread=38536] GUI session visibility: id=china_anti_jap, open=true, visible=true, state.visible=true, state.active=true, viewer=CHI, persistence=available, persistence_key=CHI:432257, persistence_error=, session=CHI:432257, memory_revision=4, stored_revision=4, pending_revision=0, pending_ticks=0, observed_day=705557, lifecycle=gameplay, lifecycle_generation=14, lifecycle_player=CHI
[20:15:1.737][thread=38536] GUI pointer down: plugin=china_anti_jap, window=(537,393), canvas=(842,416), target=none
[20:15:2.269][thread=38536] GUI pointer down: plugin=china_anti_jap, window=(538,458), canvas=(844,526), target=none
[20:15:2.348][thread=38536] GUI session visibility: id=china_anti_jap, open=true, visible=true, state.visible=true, state.active=true, viewer=CHI, persistence=available, persistence_key=CHI:432257, persistence_error=, session=CHI:432257, memory_revision=4, stored_revision=4, pending_revision=0, pending_ticks=0, observed_day=705558, lifecycle=gameplay, lifecycle_generation=14, lifecycle_player=CHI
[20:15:3.614][thread=38536] GUI session visibility: id=china_anti_jap, open=true, visible=true, state.visible=true, state.active=true, viewer=CHI, persistence=available, persistence_key=CHI:432257, persistence_error=, session=CHI:432257, memory_revision=4, stored_revision=4, pending_revision=0, pending_ticks=0, observed_day=705559, lifecycle=gameplay, lifecycle_generation=14, lifecycle_player=CHI
[20:15:15.249][thread=40512] Lua GUI channel publisher preempted: channel=china_anti_jap, previousState=1, previousPriority=0, state=25, priority=0
[20:15:15.304][thread=38536] GUI session visibility: id=china_anti_jap, open=true, visible=true, state.visible=true, state.active=true, viewer=CHI, persistence=available, persistence_key=CHI:432257, persistence_error=, session=CHI:432257, memory_revision=4, stored_revision=4, pending_revision=0, pending_ticks=0, observed_day=705560, lifecycle=gameplay, lifecycle_generation=14, lifecycle_player=CHI
[20:15:19.575][thread=38536] D3D9 hook heartbeat: EndScene=2532 (+2470), Present=1008 (+1004), SwapChainPresent=0 (+0), EngineCallsites=[0=1 (+0), 1=0 (+0), 2=0 (+0), 3=0 (+0)], ActiveVTableOwned=yes
[20:15:35.359][thread=34872] Lua GUI channel publisher preempted: channel=china_anti_jap, previousState=25, previousPriority=0, state=22, priority=0
[20:15:45.412][thread=41584] Lua GUI channel publisher preempted: channel=china_anti_jap, previousState=22, previousPriority=0, state=14, priority=0
[20:15:45.509][thread=38536] GUI session visibility: id=china_anti_jap, open=true, visible=true, state.visible=true, state.active=true, viewer=CHI, persistence=available, persistence_key=CHI:432257, persistence_error=, session=CHI:432257, memory_revision=4, stored_revision=4, pending_revision=0, pending_ticks=0, observed_day=705561, lifecycle=gameplay, lifecycle_generation=14, lifecycle_player=CHI
[20:15:49.795][thread=38536] D3D9 hook heartbeat: EndScene=5380 (+2848), Present=2420 (+1412), SwapChainPresent=0 (+0), EngineCallsites=[0=1 (+0), 1=0 (+0), 2=0 (+0), 3=0 (+0)], ActiveVTableOwned=yes
[20:15:59.460][thread=40560] Lua GUI channel publisher preempted: channel=china_anti_jap, previousState=14, previousPriority=0, state=8, priority=0
[20:16:13.525][thread=23756] Lua GUI channel publisher preempted: channel=china_anti_jap, previousState=8, previousPriority=0, state=26, priority=0
[20:16:19.915][thread=38536] D3D9 hook heartbeat: EndScene=8363 (+2983), Present=3904 (+1484), SwapChainPresent=0 (+0), EngineCallsites=[0=1 (+0), 1=0 (+0), 2=0 (+0), 3=0 (+0)], ActiveVTableOwned=yes
[20:16:23.568][thread=41584] Lua GUI channel publisher preempted: channel=china_anti_jap, previousState=26, previousPriority=0, state=14, priority=0
[20:16:31.716][thread=38536] GUI session visibility: id=china_anti_jap, open=true, visible=true, state.visible=true, state.active=true, viewer=CHI, persistence=available, persistence_key=CHI:432257, persistence_error=, session=CHI:432257, memory_revision=4, stored_revision=4, pending_revision=0, pending_ticks=0, observed_day=705562, lifecycle=gameplay, lifecycle_generation=14, lifecycle_player=CHI
[20:16:41.705][thread=29324] Lua GUI channel publisher preempted: channel=china_anti_jap, previousState=14, previousPriority=0, state=23, priority=0
[20:16:49.957][thread=38536] D3D9 hook heartbeat: EndScene=11326 (+2963), Present=5373 (+1469), SwapChainPresent=0 (+0), EngineCallsites=[0=1 (+0), 1=0 (+0), 2=0 (+0), 3=0 (+0)], ActiveVTableOwned=yes
[20:16:51.751][thread=41648] Lua GUI channel publisher preempted: channel=china_anti_jap, previousState=23, previousPriority=0, state=17, priority=0
[20:17:7.849][thread=29324] Lua GUI channel publisher preempted: channel=china_anti_jap, previousState=17, previousPriority=0, state=23, priority=0
[20:17:17.900][thread=40560] Lua GUI channel publisher preempted: channel=china_anti_jap, previousState=23, previousPriority=0, state=8, priority=0
[20:17:20.92][thread=38536] D3D9 hook heartbeat: EndScene=14305 (+2979), Present=6851 (+1478), SwapChainPresent=0 (+0), EngineCallsites=[0=1 (+0), 1=0 (+0), 2=0 (+0), 3=0 (+0)], ActiveVTableOwned=yes
[20:17:25.960][thread=38536] GUI session visibility: id=china_anti_jap, open=true, visible=true, state.visible=true, state.active=true, viewer=CHI, persistence=available, persistence_key=CHI:432257, persistence_error=, session=CHI:432257, memory_revision=4, stored_revision=4, pending_revision=0, pending_ticks=0, observed_day=705563, lifecycle=gameplay, lifecycle_generation=14, lifecycle_player=CHI
[20:17:35.987][thread=35616] Lua GUI channel publisher preempted: channel=china_anti_jap, previousState=8, previousPriority=0, state=7, priority=0
[20:17:50.188][thread=38536] D3D9 hook heartbeat: EndScene=17288 (+2983), Present=8335 (+1484), SwapChainPresent=0 (+0), EngineCallsites=[0=1 (+0), 1=0 (+0), 2=0 (+0), 3=0 (+0)], ActiveVTableOwned=yes
[20:17:54.108][thread=23120] Lua GUI channel publisher preempted: channel=china_anti_jap, previousState=7, previousPriority=0, state=18, priority=0
[20:18:12.203][thread=26024] Lua GUI channel publisher preempted: channel=china_anti_jap, previousState=18, previousPriority=0, state=21, priority=0
[20:18:12.306][thread=38536] GUI session visibility: id=china_anti_jap, open=true, visible=true, state.visible=true, state.active=true, viewer=CHI, persistence=available, persistence_key=CHI:432257, persistence_error=, session=CHI:432257, memory_revision=4, stored_revision=4, pending_revision=0, pending_ticks=0, observed_day=705564, lifecycle=gameplay, lifecycle_generation=14, lifecycle_player=CHI
[20:18:20.369][thread=38536] D3D9 hook heartbeat: EndScene=20292 (+3004), Present=9822 (+1487), SwapChainPresent=0 (+0), EngineCallsites=[0=1 (+0), 1=0 (+0), 2=0 (+0), 3=0 (+0)], ActiveVTableOwned=yes
[20:18:22.251][thread=34872] Lua GUI channel publisher preempted: channel=china_anti_jap, previousState=21, previousPriority=0, state=22, priority=0
[20:18:50.514][thread=38536] D3D9 hook heartbeat: EndScene=23303 (+3011), Present=11320 (+1498), SwapChainPresent=0 (+0), EngineCallsites=[0=1 (+0), 1=0 (+0), 2=0 (+0), 3=0 (+0)], ActiveVTableOwned=yes
[20:18:58.459][thread=42724] Lua GUI channel publisher preempted: channel=china_anti_jap, previousState=22, previousPriority=0, state=16, priority=0
[20:18:58.510][thread=38536] GUI session visibility: id=china_anti_jap, open=true, visible=true, state.visible=true, state.active=true, viewer=CHI, persistence=available, persistence_key=CHI:432257, persistence_error=, session=CHI:432257, memory_revision=4, stored_revision=4, pending_revision=0, pending_ticks=0, observed_day=705565, lifecycle=gameplay, lifecycle_generation=14, lifecycle_player=CHI
[20:19:10.531][thread=41584] Lua GUI channel publisher preempted: channel=china_anti_jap, previousState=16, previousPriority=0, state=14, priority=0
[20:19:20.565][thread=26060] Lua GUI channel publisher preempted: channel=china_anti_jap, previousState=14, previousPriority=0, state=20, priority=0
[20:19:20.639][thread=38536] D3D9 hook heartbeat: EndScene=26233 (+2930), Present=12773 (+1453), SwapChainPresent=0 (+0), EngineCallsites=[0=1 (+0), 1=0 (+0), 2=0 (+0), 3=0 (+0)], ActiveVTableOwned=yes
[20:19:36.645][thread=38536] Lua GUI channel publisher preempted: channel=china_anti_jap, previousState=20, previousPriority=0, state=1, priority=0
[20:19:46.723][thread=15228] Lua GUI channel publisher preempted: channel=china_anti_jap, previousState=1, previousPriority=0, state=31, priority=0
[20:19:46.790][thread=38536] GUI session visibility: id=china_anti_jap, open=true, visible=true, state.visible=true, state.active=true, viewer=CHI, persistence=available, persistence_key=CHI:432257, persistence_error=, session=CHI:432257, memory_revision=4, stored_revision=4, pending_revision=0, pending_ticks=0, observed_day=705566, lifecycle=gameplay, lifecycle_generation=14, lifecycle_player=CHI
[20:19:50.786][thread=38536] D3D9 hook heartbeat: EndScene=29190 (+2957), Present=14239 (+1466), SwapChainPresent=0 (+0), EngineCallsites=[0=1 (+0), 1=0 (+0), 2=0 (+0), 3=0 (+0)], ActiveVTableOwned=yes
[20:19:56.765][thread=34872] Lua GUI channel publisher preempted: channel=china_anti_jap, previousState=31, previousPriority=0, state=22, priority=0
[20:20:6.830][thread=36652] Lua GUI channel publisher preempted: channel=china_anti_jap, previousState=22, previousPriority=0, state=19, priority=0
[20:20:18.889][thread=19372] Lua GUI channel publisher preempted: channel=china_anti_jap, previousState=19, previousPriority=0, state=13, priority=0
[20:20:20.938][thread=38536] D3D9 hook heartbeat: EndScene=32151 (+2961), Present=15712 (+1473), SwapChainPresent=0 (+0), EngineCallsites=[0=1 (+0), 1=0 (+0), 2=0 (+0), 3=0 (+0)], ActiveVTableOwned=yes
[20:20:36.954][thread=40560] Lua GUI channel publisher preempted: channel=china_anti_jap, previousState=13, previousPriority=0, state=8, priority=0
[20:20:37.34][thread=38536] GUI session visibility: id=china_anti_jap, open=true, visible=true, state.visible=true, state.active=true, viewer=CHI, persistence=available, persistence_key=CHI:432257, persistence_error=, session=CHI:432257, memory_revision=4, stored_revision=4, pending_revision=0, pending_ticks=0, observed_day=705567, lifecycle=gameplay, lifecycle_generation=14, lifecycle_player=CHI
[20:20:48.998][thread=29324] Lua GUI channel publisher preempted: channel=china_anti_jap, previousState=8, previousPriority=0, state=23, priority=0
[20:20:51.99][thread=38536] D3D9 hook heartbeat: EndScene=35069 (+2918), Present=17159 (+1447), SwapChainPresent=0 (+0), EngineCallsites=[0=1 (+0), 1=0 (+0), 2=0 (+0), 3=0 (+0)], ActiveVTableOwned=yes
[20:20:59.68][thread=43644] Lua GUI channel publisher preempted: channel=china_anti_jap, previousState=23, previousPriority=0, state=29, priority=0
[20:21:9.110][thread=15228] Lua GUI channel publisher preempted: channel=china_anti_jap, previousState=29, previousPriority=0, state=31, priority=0
[20:21:21.215][thread=38536] D3D9 hook heartbeat: EndScene=37918 (+2849), Present=18576 (+1417), SwapChainPresent=0 (+0), EngineCallsites=[0=1 (+0), 1=0 (+0), 2=0 (+0), 3=0 (+0)], ActiveVTableOwned=yes
[20:21:27.290][thread=38536] GUI session visibility: id=china_anti_jap, open=true, visible=true, state.visible=true, state.active=true, viewer=CHI, persistence=available, persistence_key=CHI:432257, persistence_error=, session=CHI:432257, memory_revision=4, stored_revision=4, pending_revision=0, pending_ticks=0, observed_day=705568, lifecycle=gameplay, lifecycle_generation=14, lifecycle_player=CHI
[20:21:39.314][thread=42672] Lua GUI channel publisher preempted: channel=china_anti_jap, previousState=31, previousPriority=0, state=5, priority=0
[20:21:49.385][thread=43644] Lua GUI channel publisher preempted: channel=china_anti_jap, previousState=5, previousPriority=0, state=29, priority=0
[20:21:51.344][thread=38536] D3D9 hook heartbeat: EndScene=40854 (+2936), Present=20032 (+1456), SwapChainPresent=0 (+0), EngineCallsites=[0=1 (+0), 1=0 (+0), 2=0 (+0), 3=0 (+0)], ActiveVTableOwned=yes
[20:21:59.453][thread=41584] Lua GUI channel publisher preempted: channel=china_anti_jap, previousState=29, previousPriority=0, state=14, priority=0
[20:22:9.586][thread=25680] Lua GUI channel publisher preempted: channel=china_anti_jap, previousState=14, previousPriority=0, state=24, priority=0
[20:22:9.638][thread=38536] GUI session visibility: id=china_anti_jap, open=true, visible=true, state.visible=true, state.active=true, viewer=CHI, persistence=available, persistence_key=CHI:432257, persistence_error=, session=CHI:432257, memory_revision=4, stored_revision=4, pending_revision=0, pending_ticks=0, observed_day=705569, lifecycle=gameplay, lifecycle_generation=14, lifecycle_player=CHI
[20:22:21.422][thread=38536] D3D9 hook heartbeat: EndScene=43766 (+2912), Present=21476 (+1444), SwapChainPresent=0 (+0), EngineCallsites=[0=1 (+0), 1=0 (+0), 2=0 (+0), 3=0 (+0)], ActiveVTableOwned=yes
[20:22:25.575][thread=31124] Lua GUI channel publisher preempted: channel=china_anti_jap, previousState=24, previousPriority=0, state=2, priority=0
[20:22:35.632][thread=23756] Lua GUI channel publisher preempted: channel=china_anti_jap, previousState=2, previousPriority=0, state=26, priority=0
[20:22:45.685][thread=9188] Lua GUI channel publisher preempted: channel=china_anti_jap, previousState=26, previousPriority=0, state=15, priority=0
[20:22:51.478][thread=38536] D3D9 hook heartbeat: EndScene=46743 (+2977), Present=22957 (+1481), SwapChainPresent=0 (+0), EngineCallsites=[0=1 (+0), 1=0 (+0), 2=0 (+0), 3=0 (+0)], ActiveVTableOwned=yes
[20:22:55.743][thread=34872] Lua GUI channel publisher preempted: channel=china_anti_jap, previousState=15, previousPriority=0, state=22, priority=0
[20:23:3.929][thread=38536] GUI pointer down: plugin=china_anti_jap, window=(554,510), canvas=(871,614), target=none
[20:23:4.780][thread=38536] GUI pointer down: plugin=china_anti_jap, window=(619,478), canvas=(981,560), target=none
[20:24:13.371][thread=38536] Native SaveLoaded hook hit start: native_save_load:2
[20:24:13.371][thread=38536] Native SaveLoaded barrier: state=closed, writes=closed, reason=explicit_load_started, generation=7
[20:24:13.371][thread=38536] Lua GUI channel ownership reset
[20:24:14.514][thread=38536] Native SaveLoaded hook hit complete: native_save_load:2
[20:24:14.515][thread=38536] Native SaveLoaded barrier: state=closed, writes=closed, reason=explicit_load_completed, generation=8
[20:24:14.515][thread=38536] Lua GUI channel ownership reset
[20:24:16.123][thread=38536] HOI3 active D3D9 device vtable hooks refreshed
[20:24:16.124][thread=38536] D3D9 hook heartbeat: EndScene=47960 (+1217), Present=23538 (+581), SwapChainPresent=0 (+0), EngineCallsites=[0=1 (+0), 1=0 (+0), 2=0 (+0), 3=0 (+0)], ActiveVTableOwned=yes
[20:24:16.124][thread=38536] Native SaveLoaded barrier: state=stabilizing, writes=closed, reason=explicit_load_completed, generation=9
[20:24:16.124][thread=38536] Lua GUI channel ownership reset
[20:24:16.155][thread=38536] HOI3 queried D3D9 device interface hooked
[20:24:16.156][thread=38536] HOI3 queried D3D9 device interface hooked
[20:24:16.345][thread=38536] GUI session visibility: id=china_anti_jap, open=true, visible=false, state.visible=true, state.active=true, viewer=CHI, persistence=available, persistence_key=CHI:432257, persistence_error=, session=CHI:432257, memory_revision=4, stored_revision=4, pending_revision=0, pending_ticks=0, observed_day=705569, lifecycle=gameplay, lifecycle_generation=20, lifecycle_player=CHI
[20:24:19.503][thread=38536] Native SaveLoaded barrier: state=open, writes=open, reason=stable_gameplay, generation=10
[20:24:19.504][thread=38536] Lua GUI channel ownership reset
[20:24:21.270][thread=37116] Lua GUI channel publisher reserved: channel=china_anti_jap, state=9, priority=0
[20:24:21.293][thread=37116] First Lua GUI snapshot decode started: channel=china_anti_jap
[20:24:21.295][thread=37116] First Lua GUI snapshot state: channel=china_anti_jap, visible=true, active=true, viewer=CHI, values=553, lists=2
[20:24:21.295][thread=37116] First Lua GUI snapshot received: channel=china_anti_jap, revision=1
[20:24:26.73][thread=38536] HOI3 active D3D9 device vtable hooks refreshed
[20:24:26.171][thread=38536] GUI session visibility: id=china_anti_jap, open=true, visible=true, state.visible=true, state.active=true, viewer=CHI, persistence=available, persistence_key=CHI:432257, persistence_error=, session=CHI:432257, memory_revision=4, stored_revision=4, pending_revision=0, pending_ticks=0, observed_day=705547, lifecycle=gameplay, lifecycle_generation=22, lifecycle_player=CHI
[20:24:31.861][thread=34872] Lua GUI channel publisher preempted: channel=china_anti_jap, previousState=9, previousPriority=0, state=22, priority=0
[20:24:31.967][thread=38536] GUI session visibility: id=china_anti_jap, open=true, visible=true, state.visible=true, state.active=true, viewer=CHI, persistence=available, persistence_key=CHI:432257, persistence_error=, session=CHI:432257, memory_revision=4, stored_revision=4, pending_revision=0, pending_ticks=0, observed_day=705548, lifecycle=gameplay, lifecycle_generation=22, lifecycle_player=CHI
[20:24:46.204][thread=38536] D3D9 hook heartbeat: EndScene=49806 (+1846), Present=24403 (+865), SwapChainPresent=0 (+0), EngineCallsites=[0=1 (+0), 1=0 (+0), 2=0 (+0), 3=0 (+0)], ActiveVTableOwned=yes
[20:24:57.145][thread=40560] Lua GUI channel publisher preempted: channel=china_anti_jap, previousState=22, previousPriority=0, state=8, priority=0
[20:24:57.250][thread=38536] GUI session visibility: id=china_anti_jap, open=true, visible=true, state.visible=true, state.active=true, viewer=CHI, persistence=available, persistence_key=CHI:432257, persistence_error=, session=CHI:432257, memory_revision=4, stored_revision=4, pending_revision=0, pending_ticks=0, observed_day=705549, lifecycle=gameplay, lifecycle_generation=22, lifecycle_player=CHI
[20:25:7.243][thread=24008] Lua GUI channel publisher preempted: channel=china_anti_jap, previousState=8, previousPriority=0, state=32, priority=0
[20:25:16.355][thread=38536] D3D9 hook heartbeat: EndScene=52646 (+2840), Present=25803 (+1400), SwapChainPresent=0 (+0), EngineCallsites=[0=1 (+0), 1=0 (+0), 2=0 (+0), 3=0 (+0)], ActiveVTableOwned=yes
[20:25:19.495][thread=38536] GUI session visibility: id=china_anti_jap, open=true, visible=true, state.visible=true, state.active=true, viewer=CHI, persistence=available, persistence_key=CHI:432257, persistence_error=, session=CHI:432257, memory_revision=4, stored_revision=4, pending_revision=0, pending_ticks=0, observed_day=705550, lifecycle=gameplay, lifecycle_generation=22, lifecycle_player=CHI
[20:25:20.400][thread=15228] Lua GUI channel publisher reserved: channel=reverse_probe_runtime, state=31, priority=1100
[20:25:38.577][thread=28200] Lua GUI channel publisher preempted: channel=reverse_probe_runtime, previousState=31, previousPriority=1100, state=10, priority=1100
[20:25:43.723][thread=38536] GUI session visibility: id=china_anti_jap, open=true, visible=true, state.visible=true, state.active=true, viewer=CHI, persistence=available, persistence_key=CHI:432257, persistence_error=, session=CHI:432257, memory_revision=4, stored_revision=4, pending_revision=0, pending_ticks=0, observed_day=705551, lifecycle=gameplay, lifecycle_generation=22, lifecycle_player=CHI
[20:25:46.522][thread=38536] D3D9 hook heartbeat: EndScene=55545 (+2899), Present=27228 (+1425), SwapChainPresent=0 (+0), EngineCallsites=[0=1 (+0), 1=0 (+0), 2=0 (+0), 3=0 (+0)], ActiveVTableOwned=yes
[20:25:59.819][thread=38536] Lua GUI channel publisher preempted: channel=china_anti_jap, previousState=32, previousPriority=0, state=1, priority=0
[20:26:13.974][thread=31124] Lua GUI channel publisher preempted: channel=china_anti_jap, previousState=1, previousPriority=0, state=2, priority=0
[20:26:14.51][thread=38536] GUI session visibility: id=china_anti_jap, open=true, visible=true, state.visible=true, state.active=true, viewer=CHI, persistence=available, persistence_key=CHI:432257, persistence_error=, session=CHI:432257, memory_revision=4, stored_revision=4, pending_revision=0, pending_ticks=0, observed_day=705552, lifecycle=gameplay, lifecycle_generation=22, lifecycle_player=CHI
[20:26:16.599][thread=38536] D3D9 hook heartbeat: EndScene=58531 (+2986), Present=28701 (+1473), SwapChainPresent=0 (+0), EngineCallsites=[0=1 (+0), 1=0 (+0), 2=0 (+0), 3=0 (+0)], ActiveVTableOwned=yes
[20:26:31.166][thread=40560] Lua GUI channel publisher preempted: channel=china_anti_jap, previousState=2, previousPriority=0, state=8, priority=0
[20:26:34.292][thread=38536] GUI session visibility: id=china_anti_jap, open=true, visible=true, state.visible=true, state.active=true, viewer=CHI, persistence=available, persistence_key=CHI:432257, persistence_error=, session=CHI:432257, memory_revision=4, stored_revision=4, pending_revision=0, pending_ticks=0, observed_day=705553, lifecycle=gameplay, lifecycle_generation=22, lifecycle_player=CHI
[20:26:44.309][thread=9188] Lua GUI channel publisher preempted: channel=china_anti_jap, previousState=8, previousPriority=0, state=15, priority=0
[20:26:44.956][thread=38536] GUI pointer down: plugin=china_anti_jap, window=(561,412), canvas=(883,448), target=none
[20:26:45.421][thread=38536] GUI pointer down: plugin=china_anti_jap, window=(547,476), canvas=(859,557), target=none
[20:26:46.697][thread=38536] D3D9 hook heartbeat: EndScene=61405 (+2874), Present=30107 (+1406), SwapChainPresent=0 (+0), EngineCallsites=[0=1 (+0), 1=0 (+0), 2=0 (+0), 3=0 (+0)], ActiveVTableOwned=yes
[20:26:49.349][thread=38536] GUI session visibility: id=china_anti_jap, open=true, visible=true, state.visible=true, state.active=true, viewer=CHI, persistence=available, persistence_key=CHI:432257, persistence_error=, session=CHI:432257, memory_revision=4, stored_revision=4, pending_revision=0, pending_ticks=0, observed_day=705554, lifecycle=gameplay, lifecycle_generation=22, lifecycle_player=CHI
[20:26:50.685][thread=38536] GUI session visibility: id=china_anti_jap, open=true, visible=true, state.visible=true, state.active=true, viewer=CHI, persistence=available, persistence_key=CHI:432257, persistence_error=, session=CHI:432257, memory_revision=4, stored_revision=4, pending_revision=0, pending_ticks=0, observed_day=705555, lifecycle=gameplay, lifecycle_generation=22, lifecycle_player=CHI
[20:26:51.791][thread=38536] GUI session visibility: id=china_anti_jap, open=true, visible=true, state.visible=true, state.active=true, viewer=CHI, persistence=available, persistence_key=CHI:432257, persistence_error=, session=CHI:432257, memory_revision=4, stored_revision=4, pending_revision=0, pending_ticks=0, observed_day=705556, lifecycle=gameplay, lifecycle_generation=22, lifecycle_player=CHI
[20:26:52.637][thread=38536] GUI session visibility: id=china_anti_jap, open=true, visible=true, state.visible=true, state.active=true, viewer=CHI, persistence=available, persistence_key=CHI:432257, persistence_error=, session=CHI:432257, memory_revision=4, stored_revision=4, pending_revision=0, pending_ticks=0, observed_day=705557, lifecycle=gameplay, lifecycle_generation=22, lifecycle_player=CHI
[20:26:53.900][thread=38536] GUI session visibility: id=china_anti_jap, open=true, visible=true, state.visible=true, state.active=true, viewer=CHI, persistence=available, persistence_key=CHI:432257, persistence_error=, session=CHI:432257, memory_revision=4, stored_revision=4, pending_revision=0, pending_ticks=0, observed_day=705558, lifecycle=gameplay, lifecycle_generation=22, lifecycle_player=CHI
[20:26:54.951][thread=38536] GUI session visibility: id=china_anti_jap, open=true, visible=true, state.visible=true, state.active=true, viewer=CHI, persistence=available, persistence_key=CHI:432257, persistence_error=, session=CHI:432257, memory_revision=4, stored_revision=4, pending_revision=0, pending_ticks=0, observed_day=705559, lifecycle=gameplay, lifecycle_generation=22, lifecycle_player=CHI
[20:26:56.730][thread=38536] GUI pointer down: plugin=china_anti_jap, window=(696,610), canvas=(1112,784), target=none
[20:26:58.110][thread=38536] GUI session visibility: id=china_anti_jap, open=true, visible=true, state.visible=true, state.active=true, viewer=CHI, persistence=available, persistence_key=CHI:432257, persistence_error=, session=CHI:432257, memory_revision=4, stored_revision=4, pending_revision=0, pending_ticks=0, observed_day=705561, lifecycle=gameplay, lifecycle_generation=22, lifecycle_player=CHI
[20:26:59.508][thread=38536] GUI session visibility: id=china_anti_jap, open=true, visible=true, state.visible=true, state.active=true, viewer=CHI, persistence=available, persistence_key=CHI:432257, persistence_error=, session=CHI:432257, memory_revision=4, stored_revision=4, pending_revision=0, pending_ticks=0, observed_day=705562, lifecycle=gameplay, lifecycle_generation=22, lifecycle_player=CHI
[20:27:0.426][thread=38536] GUI session visibility: id=china_anti_jap, open=true, visible=true, state.visible=true, state.active=true, viewer=CHI, persistence=available, persistence_key=CHI:432257, persistence_error=, session=CHI:432257, memory_revision=4, stored_revision=4, pending_revision=0, pending_ticks=0, observed_day=705563, lifecycle=gameplay, lifecycle_generation=22, lifecycle_player=CHI
[20:27:2.139][thread=38536] GUI session visibility: id=china_anti_jap, open=true, visible=true, state.visible=true, state.active=true, viewer=CHI, persistence=available, persistence_key=CHI:432257, persistence_error=, session=CHI:432257, memory_revision=4, stored_revision=4, pending_revision=0, pending_ticks=0, observed_day=705564, lifecycle=gameplay, lifecycle_generation=22, lifecycle_player=CHI
[20:27:3.898][thread=38536] HOI3 active D3D9 device vtable hooks refreshed
[20:27:3.946][thread=38536] GUI session visibility: id=china_anti_jap, open=true, visible=true, state.visible=true, state.active=true, viewer=CHI, persistence=available, persistence_key=CHI:432257, persistence_error=, session=CHI:432257, memory_revision=4, stored_revision=4, pending_revision=0, pending_ticks=0, observed_day=705565, lifecycle=gameplay, lifecycle_generation=22, lifecycle_player=CHI
[20:27:5.196][thread=38536] GUI session visibility: id=china_anti_jap, open=true, visible=true, state.visible=true, state.active=true, viewer=CHI, persistence=available, persistence_key=CHI:432257, persistence_error=, session=CHI:432257, memory_revision=4, stored_revision=4, pending_revision=0, pending_ticks=0, observed_day=705566, lifecycle=gameplay, lifecycle_generation=22, lifecycle_player=CHI
[20:27:6.795][thread=38536] GUI session visibility: id=china_anti_jap, open=true, visible=true, state.visible=true, state.active=true, viewer=CHI, persistence=available, persistence_key=CHI:432257, persistence_error=, session=CHI:432257, memory_revision=4, stored_revision=4, pending_revision=0, pending_ticks=0, observed_day=705567, lifecycle=gameplay, lifecycle_generation=22, lifecycle_player=CHI
[20:27:7.933][thread=40560] HOI3 active D3D9 device vtable hooks refreshed
[20:27:7.972][thread=38536] GUI session visibility: id=china_anti_jap, open=true, visible=true, state.visible=true, state.active=true, viewer=CHI, persistence=available, persistence_key=CHI:432257, persistence_error=, session=CHI:432257, memory_revision=4, stored_revision=4, pending_revision=0, pending_ticks=0, observed_day=705568, lifecycle=gameplay, lifecycle_generation=22, lifecycle_player=CHI
[20:27:8.597][thread=38536] GUI session visibility: id=china_anti_jap, open=true, visible=true, state.visible=true, state.active=true, viewer=CHI, persistence=available, persistence_key=CHI:432257, persistence_error=, session=CHI:432257, memory_revision=4, stored_revision=4, pending_revision=0, pending_ticks=0, observed_day=705569, lifecycle=gameplay, lifecycle_generation=22, lifecycle_player=CHI
[20:27:10.809][thread=38536] GUI session visibility: id=china_anti_jap, open=true, visible=true, state.visible=true, state.active=true, viewer=CHI, persistence=available, persistence_key=CHI:432257, persistence_error=, session=CHI:432257, memory_revision=4, stored_revision=4, pending_revision=0, pending_ticks=0, observed_day=705570, lifecycle=gameplay, lifecycle_generation=22, lifecycle_player=CHI
[20:27:11.880][thread=38536] GUI session visibility: id=china_anti_jap, open=true, visible=true, state.visible=true, state.active=true, viewer=CHI, persistence=available, persistence_key=CHI:432257, persistence_error=, session=CHI:432257, memory_revision=4, stored_revision=4, pending_revision=0, pending_ticks=0, observed_day=705571, lifecycle=gameplay, lifecycle_generation=22, lifecycle_player=CHI
[20:27:13.94][thread=38536] GUI session visibility: id=china_anti_jap, open=true, visible=true, state.visible=true, state.active=true, viewer=CHI, persistence=available, persistence_key=CHI:432257, persistence_error=, session=CHI:432257, memory_revision=4, stored_revision=4, pending_revision=0, pending_ticks=0, observed_day=705572, lifecycle=gameplay, lifecycle_generation=22, lifecycle_player=CHI
[20:27:14.142][thread=38536] GUI session visibility: id=china_anti_jap, open=true, visible=true, state.visible=true, state.active=true, viewer=CHI, persistence=available, persistence_key=CHI:432257, persistence_error=, session=CHI:432257, memory_revision=4, stored_revision=4, pending_revision=0, pending_ticks=0, observed_day=705573, lifecycle=gameplay, lifecycle_generation=22, lifecycle_player=CHI
[20:27:15.205][thread=38536] GUI session visibility: id=china_anti_jap, open=true, visible=true, state.visible=true, state.active=true, viewer=CHI, persistence=available, persistence_key=CHI:432257, persistence_error=, session=CHI:432257, memory_revision=4, stored_revision=4, pending_revision=0, pending_ticks=0, observed_day=705574, lifecycle=gameplay, lifecycle_generation=22, lifecycle_player=CHI
[20:27:16.146][thread=38536] GUI session visibility: id=china_anti_jap, open=true, visible=true, state.visible=true, state.active=true, viewer=CHI, persistence=available, persistence_key=CHI:432257, persistence_error=, session=CHI:432257, memory_revision=4, stored_revision=4, pending_revision=0, pending_ticks=0, observed_day=705575, lifecycle=gameplay, lifecycle_generation=22, lifecycle_player=CHI
[20:27:17.15][thread=35616] D3D9 hook heartbeat: EndScene=63479 (+2074), Present=30676 (+569), SwapChainPresent=0 (+0), EngineCallsites=[0=1 (+0), 1=0 (+0), 2=0 (+0), 3=0 (+0)], ActiveVTableOwned=yes
[20:27:17.53][thread=38536] GUI session visibility: id=china_anti_jap, open=true, visible=true, state.visible=true, state.active=true, viewer=CHI, persistence=available, persistence_key=CHI:432257, persistence_error=, session=CHI:432257, memory_revision=4, stored_revision=4, pending_revision=0, pending_ticks=0, observed_day=705576, lifecycle=gameplay, lifecycle_generation=22, lifecycle_player=CHI
[20:27:18.367][thread=38536] GUI session visibility: id=china_anti_jap, open=true, visible=true, state.visible=true, state.active=true, viewer=CHI, persistence=available, persistence_key=CHI:432257, persistence_error=, session=CHI:432257, memory_revision=4, stored_revision=4, pending_revision=0, pending_ticks=0, observed_day=705577, lifecycle=gameplay, lifecycle_generation=22, lifecycle_player=CHI
[20:27:19.285][thread=38536] GUI session visibility: id=china_anti_jap, open=true, visible=true, state.visible=true, state.active=true, viewer=CHI, persistence=available, persistence_key=CHI:432257, persistence_error=, session=CHI:432257, memory_revision=4, stored_revision=4, pending_revision=0, pending_ticks=0, observed_day=705578, lifecycle=gameplay, lifecycle_generation=22, lifecycle_player=CHI
[20:27:20.679][thread=38536] GUI session visibility: id=china_anti_jap, open=true, visible=true, state.visible=true, state.active=true, viewer=CHI, persistence=available, persistence_key=CHI:432257, persistence_error=, session=CHI:432257, memory_revision=4, stored_revision=4, pending_revision=0, pending_ticks=0, observed_day=705579, lifecycle=gameplay, lifecycle_generation=22, lifecycle_player=CHI
[20:27:21.742][thread=38536] GUI session visibility: id=china_anti_jap, open=true, visible=true, state.visible=true, state.active=true, viewer=CHI, persistence=available, persistence_key=CHI:432257, persistence_error=, session=CHI:432257, memory_revision=4, stored_revision=4, pending_revision=0, pending_ticks=0, observed_day=705580, lifecycle=gameplay, lifecycle_generation=22, lifecycle_player=CHI
[20:27:22.546][thread=38536] GUI session visibility: id=china_anti_jap, open=true, visible=true, state.visible=true, state.active=true, viewer=CHI, persistence=available, persistence_key=CHI:432257, persistence_error=, session=CHI:432257, memory_revision=4, stored_revision=4, pending_revision=0, pending_ticks=0, observed_day=705581, lifecycle=gameplay, lifecycle_generation=22, lifecycle_player=CHI
[20:27:24.111][thread=38536] GUI session visibility: id=china_anti_jap, open=true, visible=true, state.visible=true, state.active=true, viewer=CHI, persistence=available, persistence_key=CHI:432257, persistence_error=, session=CHI:432257, memory_revision=4, stored_revision=4, pending_revision=0, pending_ticks=0, observed_day=705582, lifecycle=gameplay, lifecycle_generation=22, lifecycle_player=CHI
[20:27:24.872][thread=38536] GUI session visibility: id=china_anti_jap, open=true, visible=true, state.visible=true, state.active=true, viewer=CHI, persistence=available, persistence_key=CHI:432257, persistence_error=, session=CHI:432257, memory_revision=4, stored_revision=4, pending_revision=0, pending_ticks=0, observed_day=705583, lifecycle=gameplay, lifecycle_generation=22, lifecycle_player=CHI
[20:27:26.239][thread=38536] GUI session visibility: id=china_anti_jap, open=true, visible=true, state.visible=true, state.active=true, viewer=CHI, persistence=available, persistence_key=CHI:432257, persistence_error=, session=CHI:432257, memory_revision=4, stored_revision=4, pending_revision=0, pending_ticks=0, observed_day=705584, lifecycle=gameplay, lifecycle_generation=22, lifecycle_player=CHI
[20:27:27.102][thread=38536] HOI3 active D3D9 device vtable hooks refreshed
[20:27:27.152][thread=38536] GUI session visibility: id=china_anti_jap, open=true, visible=true, state.visible=true, state.active=true, viewer=CHI, persistence=available, persistence_key=CHI:432257, persistence_error=, session=CHI:432257, memory_revision=4, stored_revision=4, pending_revision=0, pending_ticks=0, observed_day=705585, lifecycle=gameplay, lifecycle_generation=22, lifecycle_player=CHI
[20:27:27.741][thread=38536] GUI pointer down: plugin=china_anti_jap, window=(863,378), canvas=(1396,390), target=none
[20:27:28.346][thread=38536] GUI session visibility: id=china_anti_jap, open=true, visible=true, state.visible=true, state.active=true, viewer=CHI, persistence=available, persistence_key=CHI:432257, persistence_error=, session=CHI:432257, memory_revision=4, stored_revision=4, pending_revision=0, pending_ticks=0, observed_day=705586, lifecycle=gameplay, lifecycle_generation=22, lifecycle_player=CHI
[20:27:30.891][thread=38536] GUI session visibility: id=china_anti_jap, open=true, visible=true, state.visible=true, state.active=true, viewer=CHI, persistence=available, persistence_key=CHI:432257, persistence_error=, session=CHI:432257, memory_revision=4, stored_revision=4, pending_revision=0, pending_ticks=0, observed_day=705587, lifecycle=gameplay, lifecycle_generation=22, lifecycle_player=CHI
[20:27:31.227][thread=38536] GUI pointer down: plugin=china_anti_jap, window=(844,413), canvas=(1363,450), target=none
[20:27:31.338][thread=38536] GUI session visibility: id=china_anti_jap, open=true, visible=true, state.visible=true, state.active=true, viewer=CHI, persistence=available, persistence_key=CHI:432257, persistence_error=, session=CHI:432257, memory_revision=4, stored_revision=4, pending_revision=0, pending_ticks=0, observed_day=705588, lifecycle=gameplay, lifecycle_generation=22, lifecycle_player=CHI
[20:27:32.829][thread=38536] GUI session visibility: id=china_anti_jap, open=true, visible=true, state.visible=true, state.active=true, viewer=CHI, persistence=available, persistence_key=CHI:432257, persistence_error=, session=CHI:432257, memory_revision=4, stored_revision=4, pending_revision=0, pending_ticks=0, observed_day=705589, lifecycle=gameplay, lifecycle_generation=22, lifecycle_player=CHI
[20:27:33.729][thread=38536] GUI session visibility: id=china_anti_jap, open=true, visible=true, state.visible=true, state.active=true, viewer=CHI, persistence=available, persistence_key=CHI:432257, persistence_error=, session=CHI:432257, memory_revision=4, stored_revision=4, pending_revision=0, pending_ticks=0, observed_day=705590, lifecycle=gameplay, lifecycle_generation=22, lifecycle_player=CHI
[20:27:34.635][thread=38536] GUI session visibility: id=china_anti_jap, open=true, visible=true, state.visible=true, state.active=true, viewer=CHI, persistence=available, persistence_key=CHI:432257, persistence_error=, session=CHI:432257, memory_revision=4, stored_revision=4, pending_revision=0, pending_ticks=0, observed_day=705591, lifecycle=gameplay, lifecycle_generation=22, lifecycle_player=CHI
[20:27:35.597][thread=38536] GUI session visibility: id=china_anti_jap, open=true, visible=true, state.visible=true, state.active=true, viewer=CHI, persistence=available, persistence_key=CHI:432257, persistence_error=, session=CHI:432257, memory_revision=4, stored_revision=4, pending_revision=0, pending_ticks=0, observed_day=705592, lifecycle=gameplay, lifecycle_generation=22, lifecycle_player=CHI
[20:27:37.186][thread=38536] GUI session visibility: id=china_anti_jap, open=true, visible=true, state.visible=true, state.active=true, viewer=CHI, persistence=available, persistence_key=CHI:432257, persistence_error=, session=CHI:432257, memory_revision=4, stored_revision=4, pending_revision=0, pending_ticks=0, observed_day=705593, lifecycle=gameplay, lifecycle_generation=22, lifecycle_player=CHI
[20:27:37.360][thread=38536] GUI pointer down: plugin=china_anti_jap, window=(582,614), canvas=(918,791), target=none
[20:27:38.219][thread=38536] GUI session visibility: id=china_anti_jap, open=true, visible=true, state.visible=true, state.active=true, viewer=CHI, persistence=available, persistence_key=CHI:432257, persistence_error=, session=CHI:432257, memory_revision=4, stored_revision=4, pending_revision=0, pending_ticks=0, observed_day=705594, lifecycle=gameplay, lifecycle_generation=22, lifecycle_player=CHI
[20:27:39.578][thread=38536] GUI session visibility: id=china_anti_jap, open=true, visible=true, state.visible=true, state.active=true, viewer=CHI, persistence=available, persistence_key=CHI:432257, persistence_error=, session=CHI:432257, memory_revision=4, stored_revision=4, pending_revision=0, pending_ticks=0, observed_day=705595, lifecycle=gameplay, lifecycle_generation=22, lifecycle_player=CHI
[20:27:40.842][thread=38536] GUI session visibility: id=china_anti_jap, open=true, visible=true, state.visible=true, state.active=true, viewer=CHI, persistence=available, persistence_key=CHI:432257, persistence_error=, session=CHI:432257, memory_revision=4, stored_revision=4, pending_revision=0, pending_ticks=0, observed_day=705596, lifecycle=gameplay, lifecycle_generation=22, lifecycle_player=CHI
[20:27:42.869][thread=38536] GUI session visibility: id=china_anti_jap, open=true, visible=true, state.visible=true, state.active=true, viewer=CHI, persistence=available, persistence_key=CHI:432257, persistence_error=, session=CHI:432257, memory_revision=4, stored_revision=4, pending_revision=0, pending_ticks=0, observed_day=705597, lifecycle=gameplay, lifecycle_generation=22, lifecycle_player=CHI
[20:27:43.382][thread=38536] GUI session visibility: id=china_anti_jap, open=true, visible=true, state.visible=true, state.active=true, viewer=CHI, persistence=available, persistence_key=CHI:432257, persistence_error=, session=CHI:432257, memory_revision=4, stored_revision=4, pending_revision=0, pending_ticks=0, observed_day=705598, lifecycle=gameplay, lifecycle_generation=22, lifecycle_player=CHI
[20:27:44.749][thread=38536] GUI session visibility: id=china_anti_jap, open=true, visible=true, state.visible=true, state.active=true, viewer=CHI, persistence=available, persistence_key=CHI:432257, persistence_error=, session=CHI:432257, memory_revision=4, stored_revision=4, pending_revision=0, pending_ticks=0, observed_day=705599, lifecycle=gameplay, lifecycle_generation=22, lifecycle_player=CHI
[20:27:45.736][thread=38536] GUI session visibility: id=china_anti_jap, open=true, visible=true, state.visible=true, state.active=true, viewer=CHI, persistence=available, persistence_key=CHI:432257, persistence_error=, session=CHI:432257, memory_revision=4, stored_revision=4, pending_revision=0, pending_ticks=0, observed_day=705600, lifecycle=gameplay, lifecycle_generation=22, lifecycle_player=CHI
[20:27:47.168][thread=38536] D3D9 hook heartbeat: EndScene=65635 (+2156), Present=31271 (+595), SwapChainPresent=0 (+0), EngineCallsites=[0=1 (+0), 1=0 (+0), 2=0 (+0), 3=0 (+0)], ActiveVTableOwned=yes
[20:27:47.262][thread=38536] GUI session visibility: id=china_anti_jap, open=true, visible=true, state.visible=true, state.active=true, viewer=CHI, persistence=available, persistence_key=CHI:432257, persistence_error=, session=CHI:432257, memory_revision=4, stored_revision=4, pending_revision=0, pending_ticks=0, observed_day=705601, lifecycle=gameplay, lifecycle_generation=22, lifecycle_player=CHI
[20:27:48.351][thread=38536] GUI session visibility: id=china_anti_jap, open=true, visible=true, state.visible=true, state.active=true, viewer=CHI, persistence=available, persistence_key=CHI:432257, persistence_error=, session=CHI:432257, memory_revision=4, stored_revision=4, pending_revision=0, pending_ticks=0, observed_day=705602, lifecycle=gameplay, lifecycle_generation=22, lifecycle_player=CHI
[20:27:49.382][thread=38536] GUI session visibility: id=china_anti_jap, open=true, visible=true, state.visible=true, state.active=true, viewer=CHI, persistence=available, persistence_key=CHI:432257, persistence_error=, session=CHI:432257, memory_revision=4, stored_revision=4, pending_revision=0, pending_ticks=0, observed_day=705603, lifecycle=gameplay, lifecycle_generation=22, lifecycle_player=CHI
[20:27:51.33][thread=38536] GUI session visibility: id=china_anti_jap, open=true, visible=true, state.visible=true, state.active=true, viewer=CHI, persistence=available, persistence_key=CHI:432257, persistence_error=, session=CHI:432257, memory_revision=4, stored_revision=4, pending_revision=0, pending_ticks=0, observed_day=705604, lifecycle=gameplay, lifecycle_generation=22, lifecycle_player=CHI
[20:27:52.319][thread=38536] GUI session visibility: id=china_anti_jap, open=true, visible=true, state.visible=true, state.active=true, viewer=CHI, persistence=available, persistence_key=CHI:432257, persistence_error=, session=CHI:432257, memory_revision=4, stored_revision=4, pending_revision=0, pending_ticks=0, observed_day=705605, lifecycle=gameplay, lifecycle_generation=22, lifecycle_player=CHI
[20:27:53.241][thread=38536] GUI session visibility: id=china_anti_jap, open=true, visible=true, state.visible=true, state.active=true, viewer=CHI, persistence=available, persistence_key=CHI:432257, persistence_error=, session=CHI:432257, memory_revision=4, stored_revision=4, pending_revision=0, pending_ticks=0, observed_day=705606, lifecycle=gameplay, lifecycle_generation=22, lifecycle_player=CHI
[20:27:55.180][thread=38536] GUI session visibility: id=china_anti_jap, open=true, visible=true, state.visible=true, state.active=true, viewer=CHI, persistence=available, persistence_key=CHI:432257, persistence_error=, session=CHI:432257, memory_revision=4, stored_revision=4, pending_revision=0, pending_ticks=0, observed_day=705608, lifecycle=gameplay, lifecycle_generation=22, lifecycle_player=CHI
[20:27:56.475][thread=38536] GUI session visibility: id=china_anti_jap, open=true, visible=true, state.visible=true, state.active=true, viewer=CHI, persistence=available, persistence_key=CHI:432257, persistence_error=, session=CHI:432257, memory_revision=4, stored_revision=4, pending_revision=0, pending_ticks=0, observed_day=705609, lifecycle=gameplay, lifecycle_generation=22, lifecycle_player=CHI
[20:27:57.965][thread=38536] GUI session visibility: id=china_anti_jap, open=true, visible=true, state.visible=true, state.active=true, viewer=CHI, persistence=available, persistence_key=CHI:432257, persistence_error=, session=CHI:432257, memory_revision=4, stored_revision=4, pending_revision=0, pending_ticks=0, observed_day=705610, lifecycle=gameplay, lifecycle_generation=22, lifecycle_player=CHI
[20:27:58.413][thread=38536] GUI session visibility: id=china_anti_jap, open=true, visible=true, state.visible=true, state.active=true, viewer=CHI, persistence=available, persistence_key=CHI:432257, persistence_error=, session=CHI:432257, memory_revision=4, stored_revision=4, pending_revision=0, pending_ticks=0, observed_day=705611, lifecycle=gameplay, lifecycle_generation=22, lifecycle_player=CHI
[20:27:59.829][thread=38536] GUI session visibility: id=china_anti_jap, open=true, visible=true, state.visible=true, state.active=true, viewer=CHI, persistence=available, persistence_key=CHI:432257, persistence_error=, session=CHI:432257, memory_revision=4, stored_revision=4, pending_revision=0, pending_ticks=0, observed_day=705612, lifecycle=gameplay, lifecycle_generation=22, lifecycle_player=CHI
[20:28:1.77][thread=38536] GUI session visibility: id=china_anti_jap, open=true, visible=true, state.visible=true, state.active=true, viewer=CHI, persistence=available, persistence_key=CHI:432257, persistence_error=, session=CHI:432257, memory_revision=4, stored_revision=4, pending_revision=0, pending_ticks=0, observed_day=705613, lifecycle=gameplay, lifecycle_generation=22, lifecycle_player=CHI
[20:28:3.174][thread=38536] GUI session visibility: id=china_anti_jap, open=true, visible=true, state.visible=true, state.active=true, viewer=CHI, persistence=available, persistence_key=CHI:432257, persistence_error=, session=CHI:432257, memory_revision=4, stored_revision=4, pending_revision=0, pending_ticks=0, observed_day=705614, lifecycle=gameplay, lifecycle_generation=22, lifecycle_player=CHI
[20:28:4.387][thread=38536] GUI session visibility: id=china_anti_jap, open=true, visible=true, state.visible=true, state.active=true, viewer=CHI, persistence=available, persistence_key=CHI:432257, persistence_error=, session=CHI:432257, memory_revision=4, stored_revision=4, pending_revision=0, pending_ticks=0, observed_day=705615, lifecycle=gameplay, lifecycle_generation=22, lifecycle_player=CHI
[20:28:5.530][thread=38536] GUI pointer down: plugin=china_anti_jap, window=(581,413), canvas=(917,450), target=none
[20:28:6.99][thread=38536] GUI session visibility: id=china_anti_jap, open=true, visible=true, state.visible=true, state.active=true, viewer=CHI, persistence=available, persistence_key=CHI:432257, persistence_error=, session=CHI:432257, memory_revision=4, stored_revision=4, pending_revision=0, pending_ticks=0, observed_day=705616, lifecycle=gameplay, lifecycle_generation=22, lifecycle_player=CHI
[20:28:6.726][thread=38536] GUI pointer down: plugin=china_anti_jap, window=(590,598), canvas=(932,764), target=none
[20:28:7.376][thread=38536] GUI session visibility: id=china_anti_jap, open=true, visible=true, state.visible=true, state.active=true, viewer=CHI, persistence=available, persistence_key=CHI:432257, persistence_error=, session=CHI:432257, memory_revision=4, stored_revision=4, pending_revision=0, pending_ticks=0, observed_day=705617, lifecycle=gameplay, lifecycle_generation=22, lifecycle_player=CHI
[20:28:7.611][thread=38536] GUI pointer down: plugin=china_anti_jap, window=(600,449), canvas=(949,511), target=none
[20:28:8.411][thread=38536] GUI pointer down: plugin=china_anti_jap, window=(604,475), canvas=(956,555), target=none
[20:28:8.793][thread=38536] GUI session visibility: id=china_anti_jap, open=true, visible=true, state.visible=true, state.active=true, viewer=CHI, persistence=available, persistence_key=CHI:432257, persistence_error=, session=CHI:432257, memory_revision=4, stored_revision=4, pending_revision=0, pending_ticks=0, observed_day=705618, lifecycle=gameplay, lifecycle_generation=22, lifecycle_player=CHI
[20:28:9.966][thread=38536] GUI session visibility: id=china_anti_jap, open=true, visible=true, state.visible=true, state.active=true, viewer=CHI, persistence=available, persistence_key=CHI:432257, persistence_error=, session=CHI:432257, memory_revision=4, stored_revision=4, pending_revision=0, pending_ticks=0, observed_day=705619, lifecycle=gameplay, lifecycle_generation=22, lifecycle_player=CHI
[20:28:11.346][thread=38536] GUI session visibility: id=china_anti_jap, open=true, visible=true, state.visible=true, state.active=true, viewer=CHI, persistence=available, persistence_key=CHI:432257, persistence_error=, session=CHI:432257, memory_revision=4, stored_revision=4, pending_revision=0, pending_ticks=0, observed_day=705620, lifecycle=gameplay, lifecycle_generation=22, lifecycle_player=CHI
[20:28:12.420][thread=38536] GUI session visibility: id=china_anti_jap, open=true, visible=true, state.visible=true, state.active=true, viewer=CHI, persistence=available, persistence_key=CHI:432257, persistence_error=, session=CHI:432257, memory_revision=4, stored_revision=4, pending_revision=0, pending_ticks=0, observed_day=705621, lifecycle=gameplay, lifecycle_generation=22, lifecycle_player=CHI
[20:28:12.635][thread=38536] GUI pointer down: plugin=china_anti_jap, window=(566,469), canvas=(891,545), target=none
[20:28:15.216][thread=38536] GUI session visibility: id=china_anti_jap, open=true, visible=true, state.visible=true, state.active=true, viewer=CHI, persistence=available, persistence_key=CHI:432257, persistence_error=, session=CHI:432257, memory_revision=4, stored_revision=4, pending_revision=0, pending_ticks=0, observed_day=705623, lifecycle=gameplay, lifecycle_generation=22, lifecycle_player=CHI
[20:28:15.935][thread=38536] GUI session visibility: id=china_anti_jap, open=true, visible=true, state.visible=true, state.active=true, viewer=CHI, persistence=available, persistence_key=CHI:432257, persistence_error=, session=CHI:432257, memory_revision=4, stored_revision=4, pending_revision=0, pending_ticks=0, observed_day=705624, lifecycle=gameplay, lifecycle_generation=22, lifecycle_player=CHI
[20:28:16.723][thread=38536] GUI pointer down: plugin=china_anti_jap, window=(544,475), canvas=(854,555), target=none
[20:28:17.216][thread=38536] GUI session visibility: id=china_anti_jap, open=true, visible=true, state.visible=true, state.active=true, viewer=CHI, persistence=available, persistence_key=CHI:432257, persistence_error=, session=CHI:432257, memory_revision=4, stored_revision=4, pending_revision=0, pending_ticks=0, observed_day=705625, lifecycle=gameplay, lifecycle_generation=22, lifecycle_player=CHI
[20:28:17.261][thread=38536] GUI pointer down: plugin=china_anti_jap, window=(550,474), canvas=(864,553), target=none
[20:28:17.507][thread=29324] D3D9 hook heartbeat: EndScene=67774 (+2139), Present=31852 (+581), SwapChainPresent=0 (+0), EngineCallsites=[0=1 (+0), 1=0 (+0), 2=0 (+0), 3=0 (+0)], ActiveVTableOwned=yes
[20:28:18.250][thread=38536] GUI session visibility: id=china_anti_jap, open=true, visible=true, state.visible=true, state.active=true, viewer=CHI, persistence=available, persistence_key=CHI:432257, persistence_error=, session=CHI:432257, memory_revision=4, stored_revision=4, pending_revision=0, pending_ticks=0, observed_day=705626, lifecycle=gameplay, lifecycle_generation=22, lifecycle_player=CHI
[20:28:20.47][thread=38536] GUI session visibility: id=china_anti_jap, open=true, visible=true, state.visible=true, state.active=true, viewer=CHI, persistence=available, persistence_key=CHI:432257, persistence_error=, session=CHI:432257, memory_revision=4, stored_revision=4, pending_revision=0, pending_ticks=0, observed_day=705627, lifecycle=gameplay, lifecycle_generation=22, lifecycle_player=CHI
[20:28:24.335][thread=38536] GUI pointer down: plugin=china_anti_jap, window=(276,608), canvas=(399,781), target=none
[20:28:29.122][thread=38536] GUI pointer down: plugin=china_anti_jap, window=(618,430), canvas=(980,478), target=none
[20:28:31.615][thread=43644] HOI3 active D3D9 device vtable hooks refreshed
[20:28:31.617][thread=42672] Lua GUI channel publisher preempted: channel=china_anti_jap, previousState=15, previousPriority=0, state=5, priority=0
[20:28:31.654][thread=38536] GUI session visibility: id=china_anti_jap, open=true, visible=true, state.visible=true, state.active=true, viewer=CHI, persistence=available, persistence_key=CHI:432257, persistence_error=, session=CHI:432257, memory_revision=4, stored_revision=4, pending_revision=0, pending_ticks=0, observed_day=705628, lifecycle=gameplay, lifecycle_generation=22, lifecycle_player=CHI
[20:28:32.542][thread=38536] GUI session visibility: id=china_anti_jap, open=true, visible=true, state.visible=true, state.active=true, viewer=CHI, persistence=available, persistence_key=CHI:432257, persistence_error=, session=CHI:432257, memory_revision=4, stored_revision=4, pending_revision=0, pending_ticks=0, observed_day=705629, lifecycle=gameplay, lifecycle_generation=22, lifecycle_player=CHI
[20:28:34.57][thread=38536] GUI session visibility: id=china_anti_jap, open=true, visible=true, state.visible=true, state.active=true, viewer=CHI, persistence=available, persistence_key=CHI:432257, persistence_error=, session=CHI:432257, memory_revision=4, stored_revision=4, pending_revision=0, pending_ticks=0, observed_day=705630, lifecycle=gameplay, lifecycle_generation=22, lifecycle_player=CHI
[20:28:35.262][thread=38536] GUI session visibility: id=china_anti_jap, open=true, visible=true, state.visible=true, state.active=true, viewer=CHI, persistence=available, persistence_key=CHI:432257, persistence_error=, session=CHI:432257, memory_revision=4, stored_revision=4, pending_revision=0, pending_ticks=0, observed_day=705631, lifecycle=gameplay, lifecycle_generation=22, lifecycle_player=CHI
[20:28:36.203][thread=38536] GUI session visibility: id=china_anti_jap, open=true, visible=true, state.visible=true, state.active=true, viewer=CHI, persistence=available, persistence_key=CHI:432257, persistence_error=, session=CHI:432257, memory_revision=4, stored_revision=4, pending_revision=0, pending_ticks=0, observed_day=705632, lifecycle=gameplay, lifecycle_generation=22, lifecycle_player=CHI
[20:28:37.809][thread=38536] GUI session visibility: id=china_anti_jap, open=true, visible=true, state.visible=true, state.active=true, viewer=CHI, persistence=available, persistence_key=CHI:432257, persistence_error=, session=CHI:432257, memory_revision=4, stored_revision=4, pending_revision=0, pending_ticks=0, observed_day=705633, lifecycle=gameplay, lifecycle_generation=22, lifecycle_player=CHI
[20:28:38.840][thread=38536] GUI session visibility: id=china_anti_jap, open=true, visible=true, state.visible=true, state.active=true, viewer=CHI, persistence=available, persistence_key=CHI:432257, persistence_error=, session=CHI:432257, memory_revision=4, stored_revision=4, pending_revision=0, pending_ticks=0, observed_day=705634, lifecycle=gameplay, lifecycle_generation=22, lifecycle_player=CHI
[20:28:40.302][thread=38536] GUI session visibility: id=china_anti_jap, open=true, visible=true, state.visible=true, state.active=true, viewer=CHI, persistence=available, persistence_key=CHI:432257, persistence_error=, session=CHI:432257, memory_revision=4, stored_revision=4, pending_revision=0, pending_ticks=0, observed_day=705635, lifecycle=gameplay, lifecycle_generation=22, lifecycle_player=CHI
[20:28:41.243][thread=38536] GUI session visibility: id=china_anti_jap, open=true, visible=true, state.visible=true, state.active=true, viewer=CHI, persistence=available, persistence_key=CHI:432257, persistence_error=, session=CHI:432257, memory_revision=4, stored_revision=4, pending_revision=0, pending_ticks=0, observed_day=705636, lifecycle=gameplay, lifecycle_generation=22, lifecycle_player=CHI
[20:28:43.6][thread=38536] GUI session visibility: id=china_anti_jap, open=true, visible=true, state.visible=true, state.active=true, viewer=CHI, persistence=available, persistence_key=CHI:432257, persistence_error=, session=CHI:432257, memory_revision=4, stored_revision=4, pending_revision=0, pending_ticks=0, observed_day=705637, lifecycle=gameplay, lifecycle_generation=22, lifecycle_player=CHI
[20:28:44.59][thread=38536] GUI session visibility: id=china_anti_jap, open=true, visible=true, state.visible=true, state.active=true, viewer=CHI, persistence=available, persistence_key=CHI:432257, persistence_error=, session=CHI:432257, memory_revision=4, stored_revision=4, pending_revision=0, pending_ticks=0, observed_day=705638, lifecycle=gameplay, lifecycle_generation=22, lifecycle_player=CHI
[20:28:45.412][thread=38536] GUI session visibility: id=china_anti_jap, open=true, visible=true, state.visible=true, state.active=true, viewer=CHI, persistence=available, persistence_key=CHI:432257, persistence_error=, session=CHI:432257, memory_revision=4, stored_revision=4, pending_revision=0, pending_ticks=0, observed_day=705639, lifecycle=gameplay, lifecycle_generation=22, lifecycle_player=CHI
[20:28:46.655][thread=38536] GUI session visibility: id=china_anti_jap, open=true, visible=true, state.visible=true, state.active=true, viewer=CHI, persistence=available, persistence_key=CHI:432257, persistence_error=, session=CHI:432257, memory_revision=4, stored_revision=4, pending_revision=0, pending_ticks=0, observed_day=705640, lifecycle=gameplay, lifecycle_generation=22, lifecycle_player=CHI
[20:28:47.759][thread=38536] GUI session visibility: id=china_anti_jap, open=true, visible=true, state.visible=true, state.active=true, viewer=CHI, persistence=available, persistence_key=CHI:432257, persistence_error=, session=CHI:432257, memory_revision=4, stored_revision=4, pending_revision=0, pending_ticks=0, observed_day=705641, lifecycle=gameplay, lifecycle_generation=22, lifecycle_player=CHI
[20:28:47.844][thread=38536] D3D9 hook heartbeat: EndScene=69368 (+1594), Present=32323 (+471), SwapChainPresent=0 (+0), EngineCallsites=[0=1 (+0), 1=0 (+0), 2=0 (+0), 3=0 (+0)], ActiveVTableOwned=yes
[20:28:49.176][thread=38536] GUI session visibility: id=china_anti_jap, open=true, visible=true, state.visible=true, state.active=true, viewer=CHI, persistence=available, persistence_key=CHI:432257, persistence_error=, session=CHI:432257, memory_revision=4, stored_revision=4, pending_revision=0, pending_ticks=0, observed_day=705642, lifecycle=gameplay, lifecycle_generation=22, lifecycle_player=CHI
[20:28:51.445][thread=38536] GUI session visibility: id=china_anti_jap, open=true, visible=true, state.visible=true, state.active=true, viewer=CHI, persistence=available, persistence_key=CHI:432257, persistence_error=, session=CHI:432257, memory_revision=4, stored_revision=4, pending_revision=0, pending_ticks=0, observed_day=705643, lifecycle=gameplay, lifecycle_generation=22, lifecycle_player=CHI
[20:28:52.128][thread=38536] GUI session visibility: id=china_anti_jap, open=true, visible=true, state.visible=true, state.active=true, viewer=CHI, persistence=available, persistence_key=CHI:432257, persistence_error=, session=CHI:432257, memory_revision=4, stored_revision=4, pending_revision=0, pending_ticks=0, observed_day=705644, lifecycle=gameplay, lifecycle_generation=22, lifecycle_player=CHI
[20:28:54.115][thread=38536] GUI session visibility: id=china_anti_jap, open=true, visible=true, state.visible=true, state.active=true, viewer=CHI, persistence=available, persistence_key=CHI:432257, persistence_error=, session=CHI:432257, memory_revision=4, stored_revision=4, pending_revision=0, pending_ticks=0, observed_day=705645, lifecycle=gameplay, lifecycle_generation=22, lifecycle_player=CHI
[20:28:54.650][thread=38536] GUI session visibility: id=china_anti_jap, open=true, visible=true, state.visible=true, state.active=true, viewer=CHI, persistence=available, persistence_key=CHI:432257, persistence_error=, session=CHI:432257, memory_revision=4, stored_revision=4, pending_revision=0, pending_ticks=0, observed_day=705646, lifecycle=gameplay, lifecycle_generation=22, lifecycle_player=CHI
[20:28:55.759][thread=38536] GUI session visibility: id=china_anti_jap, open=true, visible=true, state.visible=true, state.active=true, viewer=CHI, persistence=available, persistence_key=CHI:432257, persistence_error=, session=CHI:432257, memory_revision=4, stored_revision=4, pending_revision=0, pending_ticks=0, observed_day=705647, lifecycle=gameplay, lifecycle_generation=22, lifecycle_player=CHI
[20:28:57.120][thread=38536] GUI session visibility: id=china_anti_jap, open=true, visible=true, state.visible=true, state.active=true, viewer=CHI, persistence=available, persistence_key=CHI:432257, persistence_error=, session=CHI:432257, memory_revision=4, stored_revision=4, pending_revision=0, pending_ticks=0, observed_day=705648, lifecycle=gameplay, lifecycle_generation=22, lifecycle_player=CHI
[20:28:58.174][thread=38536] GUI session visibility: id=china_anti_jap, open=true, visible=true, state.visible=true, state.active=true, viewer=CHI, persistence=available, persistence_key=CHI:432257, persistence_error=, session=CHI:432257, memory_revision=4, stored_revision=4, pending_revision=0, pending_ticks=0, observed_day=705649, lifecycle=gameplay, lifecycle_generation=22, lifecycle_player=CHI
[20:28:59.242][thread=38536] GUI session visibility: id=china_anti_jap, open=true, visible=true, state.visible=true, state.active=true, viewer=CHI, persistence=available, persistence_key=CHI:432257, persistence_error=, session=CHI:432257, memory_revision=4, stored_revision=4, pending_revision=0, pending_ticks=0, observed_day=705650, lifecycle=gameplay, lifecycle_generation=22, lifecycle_player=CHI
[20:29:0.380][thread=38536] GUI session visibility: id=china_anti_jap, open=true, visible=true, state.visible=true, state.active=true, viewer=CHI, persistence=available, persistence_key=CHI:432257, persistence_error=, session=CHI:432257, memory_revision=4, stored_revision=4, pending_revision=0, pending_ticks=0, observed_day=705651, lifecycle=gameplay, lifecycle_generation=22, lifecycle_player=CHI
[20:29:1.91][thread=38536] GUI session visibility: id=china_anti_jap, open=true, visible=true, state.visible=true, state.active=true, viewer=CHI, persistence=available, persistence_key=CHI:432257, persistence_error=, session=CHI:432257, memory_revision=4, stored_revision=4, pending_revision=0, pending_ticks=0, observed_day=705652, lifecycle=gameplay, lifecycle_generation=22, lifecycle_player=CHI
[20:29:1.752][thread=38536] GUI pointer down: plugin=china_anti_jap, window=(538,598), canvas=(844,764), target=none
[20:29:2.723][thread=38536] GUI session visibility: id=china_anti_jap, open=true, visible=true, state.visible=true, state.active=true, viewer=CHI, persistence=available, persistence_key=CHI:432257, persistence_error=, session=CHI:432257, memory_revision=4, stored_revision=4, pending_revision=0, pending_ticks=0, observed_day=705653, lifecycle=gameplay, lifecycle_generation=22, lifecycle_player=CHI
[20:29:3.590][thread=38536] GUI session visibility: id=china_anti_jap, open=true, visible=true, state.visible=true, state.active=true, viewer=CHI, persistence=available, persistence_key=CHI:432257, persistence_error=, session=CHI:432257, memory_revision=4, stored_revision=4, pending_revision=0, pending_ticks=0, observed_day=705654, lifecycle=gameplay, lifecycle_generation=22, lifecycle_player=CHI
[20:29:4.812][thread=38536] GUI pointer down: plugin=china_anti_jap, window=(480,352), canvas=(745,346), target=none
[20:29:5.55][thread=38536] GUI session visibility: id=china_anti_jap, open=true, visible=true, state.visible=true, state.active=true, viewer=CHI, persistence=available, persistence_key=CHI:432257, persistence_error=, session=CHI:432257, memory_revision=4, stored_revision=4, pending_revision=0, pending_ticks=0, observed_day=705655, lifecycle=gameplay, lifecycle_generation=22, lifecycle_player=CHI
[20:29:6.17][thread=38536] GUI session visibility: id=china_anti_jap, open=true, visible=true, state.visible=true, state.active=true, viewer=CHI, persistence=available, persistence_key=CHI:432257, persistence_error=, session=CHI:432257, memory_revision=4, stored_revision=4, pending_revision=0, pending_ticks=0, observed_day=705656, lifecycle=gameplay, lifecycle_generation=22, lifecycle_player=CHI
[20:29:7.923][thread=38536] GUI pointer down: plugin=china_anti_jap, window=(275,608), canvas=(397,781), target=none
[20:29:13.697][thread=38536] GUI pointer down: plugin=china_anti_jap, window=(849,394), canvas=(1372,417), target=none
[20:29:15.522][thread=38536] GUI pointer down: plugin=china_anti_jap, window=(532,356), canvas=(833,353), target=none
[20:29:16.119][thread=38536] GUI pointer down: plugin=china_anti_jap, window=(570,441), canvas=(898,497), target=none
[20:29:16.725][thread=38536] GUI pointer down: plugin=china_anti_jap, window=(568,540), canvas=(895,665), target=none
[20:29:17.686][thread=38536] GUI pointer down: plugin=china_anti_jap, window=(583,450), canvas=(920,512), target=none
[20:29:18.141][thread=38536] D3D9 hook heartbeat: EndScene=71736 (+2368), Present=33025 (+702), SwapChainPresent=0 (+0), EngineCallsites=[0=1 (+0), 1=0 (+0), 2=0 (+0), 3=0 (+0)], ActiveVTableOwned=yes
[20:29:18.268][thread=38536] GUI pointer down: plugin=china_anti_jap, window=(565,578), canvas=(890,730), target=none
[20:29:24.901][thread=38536] GUI pointer down: plugin=china_anti_jap, window=(311,526), canvas=(458,642), target=none
[20:29:31.533][thread=38536] GUI pointer down: plugin=china_anti_jap, window=(522,367), canvas=(816,371), target=none
[20:29:35.771][thread=38536] GUI pointer down: plugin=china_anti_jap, window=(528,598), canvas=(827,764), target=none
[20:29:36.310][thread=38536] GUI pointer down: plugin=china_anti_jap, window=(583,475), canvas=(920,555), target=none
